Instance name,  X location,  Y location,  Voltage 
input8, 159.905, 176.8, 1.79977
FILLER_0_56_301, 159.905, 176.8, 1.79977
FILLER_0_57_293, 159.905, 176.8, 1.79977
FILLER_0_57_304, 159.905, 176.8, 1.79977
FILLER_0_54_301, 159.905, 171.36, 1.79977
FILLER_0_52_301, 159.905, 165.92, 1.79977
FILLER_0_50_301, 159.905, 160.48, 1.79977
FILLER_0_48_301, 159.905, 155.04, 1.79978
FILLER_0_44_299, 159.905, 144.16, 1.79976
FILLER_0_42_302, 159.905, 138.72, 1.79977
_316_, 159.905, 133.28, 1.79978
FILLER_0_40_300, 159.905, 133.28, 1.79978
_471_, 159.905, 127.84, 1.79977
hold7, 159.905, 127.84, 1.79977
FILLER_0_38_299, 159.905, 127.84, 1.79977
_455_, 159.905, 122.4, 1.7998
FILLER_0_36_300, 159.905, 122.4, 1.7998
fanout37, 159.905, 116.96, 1.79973
hold9, 159.905, 116.96, 1.79973
_296_, 159.905, 111.52, 1.79975
_391_, 159.905, 111.52, 1.79975
fanout36, 159.905, 111.52, 1.79975
FILLER_0_32_297, 159.905, 111.52, 1.79975
_276_, 159.905, 106.08, 1.79974
FILLER_0_32_305, 159.905, 106.08, 1.79974
_375_, 159.905, 100.64, 1.7997
_376_, 159.905, 100.64, 1.7997
_439_, 159.905, 95.2, 1.79969
hold16, 159.905, 95.2, 1.79969
FILLER_0_26_299, 159.905, 95.2, 1.79969
FILLER_0_24_301, 159.905, 89.76, 1.79969
FILLER_0_22_298, 159.905, 84.32, 1.79968
fanout35, 159.905, 78.88, 1.79962
FILLER_0_14_301, 159.905, 62.56, 1.79964
FILLER_0_16_304, 159.905, 62.56, 1.79964
FILLER_0_12_301, 159.905, 57.12, 1.79965
FILLER_0_10_301, 159.905, 51.68, 1.79965
FILLER_0_8_301, 159.905, 46.24, 1.79965
FILLER_0_6_301, 159.905, 40.8, 1.79965
FILLER_0_4_301, 159.905, 35.36, 1.79965
FILLER_0_2_301, 159.905, 29.92, 1.79965
input9, 159.905, 24.48, 1.79964
FILLER_0_0_305, 159.905, 24.48, 1.79964
FILLER_0_57_221, 120, 176.8, 1.79976
FILLER_0_55_217, 120, 171.36, 1.79977
FILLER_0_53_217, 120, 165.92, 1.79977
FILLER_0_51_217, 120, 160.48, 1.79977
FILLER_0_49_217, 120, 155.04, 1.79977
_452_, 120, 149.6, 1.79977
FILLER_0_46_206, 120, 149.6, 1.79977
FILLER_0_47_216, 120, 149.6, 1.79977
_445_, 120, 144.16, 1.79973
_446_, 120, 144.16, 1.79973
_542_, 120, 144.16, 1.79973
hold34, 120, 144.16, 1.79973
hold35, 120, 144.16, 1.79973
FILLER_0_44_207, 120, 144.16, 1.79973
FILLER_0_46_226, 120, 144.16, 1.79973
_429_, 120, 138.72, 1.79977
_430_, 120, 138.72, 1.79977
_534_, 120, 138.72, 1.79977
FILLER_0_42_209, 120, 138.72, 1.79977
FILLER_0_41_221, 120, 133.28, 1.79978
_491_, 120, 127.84, 1.79977
FILLER_0_39_217, 120, 127.84, 1.79977
FILLER_0_39_225, 120, 127.84, 1.79977
_254_, 120, 122.4, 1.7998
_331_, 120, 122.4, 1.7998
_332_, 120, 122.4, 1.7998
_502_, 120, 122.4, 1.7998
_255_, 120, 116.96, 1.79969
_258_, 120, 116.96, 1.79969
_365_, 120, 116.96, 1.79969
_366_, 120, 116.96, 1.79969
clkbuf_3_6__f_clk, 120, 116.96, 1.79969
FILLER_0_35_205, 120, 116.96, 1.79969
FILLER_0_35_213, 120, 116.96, 1.79969
FILLER_0_35_231, 120, 116.96, 1.79969
_274_, 120, 106.08, 1.79972
_275_, 120, 106.08, 1.79972
_330_, 120, 106.08, 1.79972
_490_, 120, 106.08, 1.79972
FILLER_0_31_211, 120, 106.08, 1.79972
FILLER_0_31_220, 120, 106.08, 1.79972
_278_, 120, 100.64, 1.79966
_329_, 120, 100.64, 1.79966
_381_, 120, 100.64, 1.79966
_510_, 120, 100.64, 1.79966
FILLER_0_28_209, 120, 100.64, 1.79966
FILLER_0_27_218, 120, 95.2, 1.79968
hold17, 120, 89.76, 1.79967
FILLER_0_25_213, 120, 89.76, 1.79967
FILLER_0_25_221, 120, 89.76, 1.79967
_253_, 120, 84.32, 1.79966
_273_, 120, 84.32, 1.79966
FILLER_0_23_215, 120, 84.32, 1.79966
FILLER_0_23_225, 120, 84.32, 1.79966
_272_, 120, 78.88, 1.79953
_501_, 120, 78.88, 1.79953
_509_, 120, 78.88, 1.79953
clkbuf_3_4__f_clk, 120, 78.88, 1.79953
FILLER_0_21_225, 120, 78.88, 1.79953
FILLER_0_22_221, 120, 78.88, 1.79953
FILLER_0_18_206, 120, 73.44, 1.79964
FILLER_0_18_214, 120, 73.44, 1.79964
FILLER_0_19_217, 120, 73.44, 1.79964
FILLER_0_20_230, 120, 73.44, 1.79964
_443_, 120, 68, 1.79962
_453_, 120, 68, 1.79962
_454_, 120, 68, 1.79962
hold5, 120, 68, 1.79962
FILLER_0_17_221, 120, 68, 1.79962
FILLER_0_17_225, 120, 68, 1.79962
_428_, 120, 62.56, 1.7996
_444_, 120, 62.56, 1.7996
_533_, 120, 62.56, 1.7996
_541_, 120, 62.56, 1.7996
hold27, 120, 62.56, 1.7996
FILLER_0_15_211, 120, 62.56, 1.7996
FILLER_0_16_218, 120, 62.56, 1.7996
_427_, 120, 57.12, 1.79963
FILLER_0_13_219, 120, 57.12, 1.79963
FILLER_0_14_217, 120, 57.12, 1.79963
FILLER_0_14_225, 120, 57.12, 1.79963
FILLER_0_11_217, 120, 51.68, 1.79964
FILLER_0_9_217, 120, 46.24, 1.79964
FILLER_0_7_217, 120, 40.8, 1.79964
FILLER_0_5_217, 120, 35.36, 1.79964
FILLER_0_3_217, 120, 29.92, 1.79964
FILLER_0_0_221, 120, 24.48, 1.79964
FILLER_0_1_217, 120, 24.48, 1.79964
input7, 80.095, 176.8, 1.79974
FILLER_0_57_135, 80.095, 176.8, 1.79974
FILLER_0_56_133, 80.095, 171.36, 1.79974
FILLER_0_54_133, 80.095, 165.92, 1.79974
FILLER_0_52_133, 80.095, 160.48, 1.79974
FILLER_0_50_133, 80.095, 155.04, 1.79974
_448_, 80.095, 149.6, 1.79973
_543_, 80.095, 149.6, 1.79973
FILLER_0_48_133, 80.095, 149.6, 1.79973
_447_, 80.095, 144.16, 1.79969
_535_, 80.095, 144.16, 1.79969
_561_, 80.095, 144.16, 1.79969
hold32, 80.095, 144.16, 1.79969
FILLER_0_45_122, 80.095, 144.16, 1.79969
_431_, 80.095, 138.72, 1.79973
_432_, 80.095, 138.72, 1.79973
hold21, 80.095, 138.72, 1.79973
FILLER_0_43_120, 80.095, 138.72, 1.79973
_241_, 80.095, 133.28, 1.79972
_368_, 80.095, 133.28, 1.79972
_529_, 80.095, 133.28, 1.79972
FILLER_0_41_121, 80.095, 133.28, 1.79972
FILLER_0_41_135, 80.095, 133.28, 1.79972
FILLER_0_42_133, 80.095, 133.28, 1.79972
_242_, 80.095, 127.84, 1.79971
_367_, 80.095, 127.84, 1.79971
FILLER_0_40_141, 80.095, 127.84, 1.79971
_261_, 80.095, 122.4, 1.79974
FILLER_0_36_121, 80.095, 122.4, 1.79974
FILLER_0_36_129, 80.095, 122.4, 1.79974
_262_, 80.095, 116.96, 1.79964
_495_, 80.095, 116.96, 1.79964
FILLER_0_35_116, 80.095, 116.96, 1.79964
FILLER_0_35_131, 80.095, 116.96, 1.79964
FILLER_0_36_137, 80.095, 116.96, 1.79964
_335_, 80.095, 111.52, 1.79969
_336_, 80.095, 111.52, 1.79969
_343_, 80.095, 111.52, 1.79969
FILLER_0_33_136, 80.095, 111.52, 1.79969
_493_, 80.095, 106.08, 1.79966
FILLER_0_31_142, 80.095, 106.08, 1.79966
_425_, 80.095, 100.64, 1.7996
hold20, 80.095, 100.64, 1.7996
FILLER_0_30_141, 80.095, 100.64, 1.7996
_245_, 80.095, 95.2, 1.79966
_246_, 80.095, 95.2, 1.79966
_361_, 80.095, 95.2, 1.79966
FILLER_0_26_122, 80.095, 95.2, 1.79966
FILLER_0_28_133, 80.095, 95.2, 1.79966
_265_, 80.095, 89.76, 1.79962
_362_, 80.095, 89.76, 1.79962
_377_, 80.095, 89.76, 1.79962
_500_, 80.095, 89.76, 1.79962
hold3, 80.095, 89.76, 1.79962
FILLER_0_25_128, 80.095, 89.76, 1.79962
_266_, 80.095, 84.32, 1.79962
_269_, 80.095, 84.32, 1.79962
FILLER_0_24_137, 80.095, 84.32, 1.79962
_346_, 80.095, 78.88, 1.79954
_385_, 80.095, 78.88, 1.79954
FILLER_0_21_137, 80.095, 78.88, 1.79954
FILLER_0_22_133, 80.095, 78.88, 1.79954
_244_, 80.095, 73.44, 1.79961
_264_, 80.095, 73.44, 1.79961
_369_, 80.095, 73.44, 1.79961
FILLER_0_19_130, 80.095, 73.44, 1.79961
FILLER_0_20_137, 80.095, 73.44, 1.79961
_243_, 80.095, 68, 1.7996
_263_, 80.095, 68, 1.7996
_345_, 80.095, 62.56, 1.79961
_433_, 80.095, 62.56, 1.79961
_450_, 80.095, 62.56, 1.79961
FILLER_0_14_117, 80.095, 62.56, 1.79961
FILLER_0_15_137, 80.095, 62.56, 1.79961
FILLER_0_16_133, 80.095, 62.56, 1.79961
_340_, 80.095, 57.12, 1.79959
_449_, 80.095, 57.12, 1.79959
_536_, 80.095, 57.12, 1.79959
_544_, 80.095, 57.12, 1.79959
FILLER_0_12_130, 80.095, 57.12, 1.79959
FILLER_0_13_126, 80.095, 57.12, 1.79959
FILLER_0_10_133, 80.095, 46.24, 1.79963
FILLER_0_8_133, 80.095, 40.8, 1.79963
FILLER_0_6_133, 80.095, 35.36, 1.79963
FILLER_0_4_133, 80.095, 29.92, 1.79963
input20, 80.095, 24.48, 1.79963
FILLER_0_0_125, 80.095, 24.48, 1.79963
FILLER_0_0_135, 80.095, 24.48, 1.79963
FILLER_0_2_133, 80.095, 24.48, 1.79963
FILLER_0_57_53, 40.19, 176.8, 1.79972
FILLER_0_53_51, 40.19, 165.92, 1.79973
FILLER_0_51_51, 40.19, 160.48, 1.79973
FILLER_0_49_51, 40.19, 155.04, 1.79972
FILLER_0_47_51, 40.19, 149.6, 1.79972
FILLER_0_45_51, 40.19, 144.16, 1.7997
FILLER_0_43_45, 40.19, 138.72, 1.7997
FILLER_0_43_53, 40.19, 138.72, 1.7997
FILLER_0_41_51, 40.19, 133.28, 1.7997
_519_, 40.19, 127.84, 1.79968
FILLER_0_39_51, 40.19, 127.84, 1.79968
FILLER_0_40_53, 40.19, 127.84, 1.79968
FILLER_0_37_51, 40.19, 122.4, 1.79971
FILLER_0_38_53, 40.19, 122.4, 1.79971
FILLER_0_35_51, 40.19, 116.96, 1.79962
_497_, 40.19, 111.52, 1.79965
FILLER_0_33_45, 40.19, 111.52, 1.79965
FILLER_0_33_53, 40.19, 111.52, 1.79965
FILLER_0_31_51, 40.19, 106.08, 1.79966
FILLER_0_31_57, 40.19, 106.08, 1.79966
FILLER_0_32_53, 40.19, 106.08, 1.79966
FILLER_0_29_51, 40.19, 100.64, 1.79964
_394_, 40.19, 95.2, 1.79965
FILLER_0_26_41, 40.19, 95.2, 1.79965
_516_, 40.19, 89.76, 1.79961
FILLER_0_25_51, 40.19, 89.76, 1.79961
FILLER_0_25_57, 40.19, 89.76, 1.79961
FILLER_0_24_53, 40.19, 84.32, 1.79963
FILLER_0_21_51, 40.19, 78.88, 1.79956
_520_, 40.19, 73.44, 1.7996
FILLER_0_19_51, 40.19, 73.44, 1.7996
FILLER_0_17_51, 40.19, 68, 1.79961
FILLER_0_18_53, 40.19, 68, 1.79961
FILLER_0_15_51, 40.19, 62.56, 1.79961
FILLER_0_13_51, 40.19, 57.12, 1.79961
FILLER_0_14_53, 40.19, 57.12, 1.79961
FILLER_0_11_51, 40.19, 51.68, 1.79963
FILLER_0_9_51, 40.19, 46.24, 1.79963
FILLER_0_7_51, 40.19, 40.8, 1.79963
FILLER_0_5_51, 40.19, 35.36, 1.79963
FILLER_0_3_51, 40.19, 29.92, 1.79963
FILLER_0_0_53, 40.19, 24.48, 1.79962
FILLER_0_1_51, 40.19, 24.48, 1.79962
PHY_112, 20.24, 176.8, 1.79971
PHY_114, 20.24, 176.8, 1.79971
input5, 20.24, 176.8, 1.79971
output28, 20.24, 176.8, 1.79971
PHY_113, 179.86, 176.8, 1.79976
PHY_115, 179.86, 176.8, 1.79976
input10, 179.86, 176.8, 1.79976
FILLER_0_57_337, 179.86, 176.8, 1.79976
FILLER_0_57_25, 30.215, 176.8, 1.79971
input3, 53.491, 176.8, 1.79973
FILLER_0_57_73, 53.491, 176.8, 1.79973
FILLER_0_57_81, 53.491, 176.8, 1.79973
FILLER_0_57_109, 66.793, 176.8, 1.79973
FILLER_0_57_165, 93.396, 176.8, 1.79974
output25, 106.698, 176.8, 1.79975
FILLER_0_57_187, 106.698, 176.8, 1.79975
input11, 133.301, 176.8, 1.79976
FILLER_0_56_245, 133.301, 176.8, 1.79976
FILLER_0_57_237, 133.301, 176.8, 1.79976
FILLER_0_57_248, 133.301, 176.8, 1.79976
FILLER_0_57_277, 146.603, 176.8, 1.79977
input12, 169.882, 176.8, 1.79977
FILLER_0_57_321, 169.882, 176.8, 1.79977
FILLER_0_57_329, 169.882, 176.8, 1.79977
PHY_108, 20.24, 171.36, 1.79972
PHY_110, 20.24, 171.36, 1.79972
input1, 20.24, 171.36, 1.79972
PHY_109, 179.86, 171.36, 1.79977
PHY_111, 179.86, 171.36, 1.79977
FILLER_0_54_341, 179.86, 171.36, 1.79977
FILLER_0_55_337, 179.86, 171.36, 1.79977
FILLER_0_56_77, 53.491, 171.36, 1.79973
FILLER_0_55_105, 66.793, 171.36, 1.79974
FILLER_0_55_161, 93.396, 171.36, 1.79975
FILLER_0_56_189, 106.698, 171.36, 1.79976
FILLER_0_54_245, 133.301, 171.36, 1.79977
FILLER_0_55_273, 146.603, 171.36, 1.79977
FILLER_0_55_329, 169.882, 171.36, 1.79977
FILLER_0_56_333, 169.882, 171.36, 1.79977
PHY_104, 20.24, 165.92, 1.79973
PHY_106, 20.24, 165.92, 1.79973
PHY_105, 179.86, 165.92, 1.79977
PHY_107, 179.86, 165.92, 1.79977
FILLER_0_52_341, 179.86, 165.92, 1.79977
FILLER_0_53_337, 179.86, 165.92, 1.79977
FILLER_0_54_77, 53.491, 165.92, 1.79973
FILLER_0_53_105, 66.793, 165.92, 1.79974
FILLER_0_53_161, 93.396, 165.92, 1.79975
FILLER_0_54_189, 106.698, 165.92, 1.79976
FILLER_0_52_245, 133.301, 165.92, 1.79977
FILLER_0_53_273, 146.603, 165.92, 1.79977
FILLER_0_53_329, 169.882, 165.92, 1.79977
FILLER_0_54_333, 169.882, 165.92, 1.79977
PHY_100, 20.24, 160.48, 1.79973
PHY_102, 20.24, 160.48, 1.79973
PHY_101, 179.86, 160.48, 1.79977
PHY_103, 179.86, 160.48, 1.79977
input21, 179.86, 160.48, 1.79977
FILLER_0_51_337, 179.86, 160.48, 1.79977
FILLER_0_52_77, 53.491, 160.48, 1.79973
FILLER_0_51_105, 66.793, 160.48, 1.79974
FILLER_0_51_161, 93.396, 160.48, 1.79975
FILLER_0_52_189, 106.698, 160.48, 1.79976
FILLER_0_50_245, 133.301, 160.48, 1.79977
FILLER_0_51_273, 146.603, 160.48, 1.79977
FILLER_0_51_329, 169.882, 160.48, 1.79977
FILLER_0_52_333, 169.882, 160.48, 1.79977
PHY_96, 20.24, 155.04, 1.79972
PHY_98, 20.24, 155.04, 1.79972
PHY_97, 179.86, 155.04, 1.79978
PHY_99, 179.86, 155.04, 1.79978
FILLER_0_48_341, 179.86, 155.04, 1.79978
FILLER_0_49_337, 179.86, 155.04, 1.79978
FILLER_0_50_77, 53.491, 155.04, 1.79973
FILLER_0_49_105, 66.793, 155.04, 1.79974
FILLER_0_49_161, 93.396, 155.04, 1.79975
FILLER_0_50_189, 106.698, 155.04, 1.79976
FILLER_0_48_245, 133.301, 155.04, 1.79977
FILLER_0_49_273, 146.603, 155.04, 1.79977
FILLER_0_49_329, 169.882, 155.04, 1.79978
FILLER_0_50_333, 169.882, 155.04, 1.79978
PHY_92, 20.24, 149.6, 1.79972
PHY_94, 20.24, 149.6, 1.79972
PHY_93, 179.86, 149.6, 1.79978
PHY_95, 179.86, 149.6, 1.79978
FILLER_0_46_341, 179.86, 149.6, 1.79978
FILLER_0_47_337, 179.86, 149.6, 1.79978
FILLER_0_48_77, 53.491, 149.6, 1.79972
_479_, 66.793, 149.6, 1.79972
_480_, 66.793, 149.6, 1.79972
FILLER_0_47_105, 66.793, 149.6, 1.79972
FILLER_0_47_113, 66.793, 149.6, 1.79972
_484_, 93.396, 149.6, 1.79974
hold26, 93.396, 149.6, 1.79974
FILLER_0_47_150, 93.396, 149.6, 1.79974
FILLER_0_47_158, 93.396, 149.6, 1.79974
FILLER_0_47_164, 93.396, 149.6, 1.79974
hold30, 106.698, 149.6, 1.79975
FILLER_0_47_189, 106.698, 149.6, 1.79975
FILLER_0_48_189, 106.698, 149.6, 1.79975
hold31, 146.603, 149.6, 1.79977
FILLER_0_47_273, 146.603, 149.6, 1.79977
FILLER_0_47_329, 169.882, 149.6, 1.79978
FILLER_0_48_333, 169.882, 149.6, 1.79978
PHY_88, 20.24, 144.16, 1.7997
PHY_90, 20.24, 144.16, 1.7997
PHY_89, 179.86, 144.16, 1.79976
PHY_91, 179.86, 144.16, 1.79976
FILLER_0_44_341, 179.86, 144.16, 1.79976
FILLER_0_45_337, 179.86, 144.16, 1.79976
_464_, 53.491, 144.16, 1.79968
_559_, 53.491, 144.16, 1.79968
FILLER_0_46_77, 53.491, 144.16, 1.79968
FILLER_0_46_85, 53.491, 144.16, 1.79968
_463_, 66.793, 144.16, 1.79968
hold10, 66.793, 144.16, 1.79968
FILLER_0_45_106, 66.793, 144.16, 1.79968
FILLER_0_46_113, 66.793, 144.16, 1.79968
_483_, 93.396, 144.16, 1.79967
_537_, 93.396, 144.16, 1.79967
_553_, 93.396, 144.16, 1.79967
FILLER_0_45_154, 93.396, 144.16, 1.79967
_467_, 106.698, 144.16, 1.79969
_545_, 106.698, 144.16, 1.79969
hold33, 106.698, 144.16, 1.79969
_461_, 133.301, 144.16, 1.79971
_478_, 133.301, 144.16, 1.79971
_550_, 133.301, 144.16, 1.79971
_558_, 133.301, 144.16, 1.79971
hold29, 133.301, 144.16, 1.79971
FILLER_0_44_240, 133.301, 144.16, 1.79971
FILLER_0_45_234, 133.301, 144.16, 1.79971
_324_, 146.603, 144.16, 1.79974
hold18, 146.603, 144.16, 1.79974
FILLER_0_44_270, 146.603, 144.16, 1.79974
FILLER_0_45_329, 169.882, 144.16, 1.79976
FILLER_0_46_333, 169.882, 144.16, 1.79976
PHY_84, 20.24, 138.72, 1.7997
PHY_86, 20.24, 138.72, 1.7997
input22, 20.24, 138.72, 1.7997
PHY_85, 179.86, 138.72, 1.79977
PHY_87, 179.86, 138.72, 1.79977
FILLER_0_42_341, 179.86, 138.72, 1.79977
FILLER_0_43_337, 179.86, 138.72, 1.79977
_551_, 53.491, 138.72, 1.7997
FILLER_0_44_77, 53.491, 138.72, 1.7997
hold36, 66.793, 138.72, 1.79971
FILLER_0_43_105, 66.793, 138.72, 1.79971
FILLER_0_43_113, 66.793, 138.72, 1.79971
FILLER_0_44_105, 66.793, 138.72, 1.79971
_435_, 93.396, 138.72, 1.79974
_436_, 93.396, 138.72, 1.79974
FILLER_0_43_160, 93.396, 138.72, 1.79974
FILLER_0_44_161, 93.396, 138.72, 1.79974
_451_, 106.698, 138.72, 1.79975
_468_, 106.698, 138.72, 1.79975
FILLER_0_43_193, 106.698, 138.72, 1.79975
FILLER_0_43_201, 106.698, 138.72, 1.79975
FILLER_0_44_192, 106.698, 138.72, 1.79975
_462_, 133.301, 138.72, 1.79976
_477_, 133.301, 138.72, 1.79976
_323_, 146.603, 138.72, 1.79976
_487_, 146.603, 138.72, 1.79976
FILLER_0_43_270, 146.603, 138.72, 1.79976
FILLER_0_43_326, 169.882, 138.72, 1.79977
FILLER_0_44_333, 169.882, 138.72, 1.79977
PHY_80, 20.24, 133.28, 1.7997
PHY_82, 20.24, 133.28, 1.7997
PHY_81, 179.86, 133.28, 1.79978
PHY_83, 179.86, 133.28, 1.79978
FILLER_0_41_337, 179.86, 133.28, 1.79978
_416_, 53.491, 133.28, 1.79969
_527_, 53.491, 133.28, 1.79969
FILLER_0_40_61, 53.491, 133.28, 1.79969
FILLER_0_42_77, 53.491, 133.28, 1.79969
_302_, 66.793, 133.28, 1.79971
hold1, 66.793, 133.28, 1.79971
FILLER_0_41_109, 66.793, 133.28, 1.79971
FILLER_0_41_113, 66.793, 133.28, 1.79971
_310_, 93.396, 133.28, 1.79974
_419_, 93.396, 133.28, 1.79974
_420_, 93.396, 133.28, 1.79974
FILLER_0_40_158, 93.396, 133.28, 1.79974
FILLER_0_41_160, 93.396, 133.28, 1.79974
FILLER_0_40_185, 106.698, 133.28, 1.79976
FILLER_0_42_189, 106.698, 133.28, 1.79976
_314_, 133.301, 133.28, 1.79976
_526_, 133.301, 133.28, 1.79976
FILLER_0_40_233, 133.301, 133.28, 1.79976
FILLER_0_40_241, 133.301, 133.28, 1.79976
FILLER_0_41_237, 133.301, 133.28, 1.79976
_408_, 146.603, 133.28, 1.79976
_523_, 146.603, 133.28, 1.79976
FILLER_0_40_274, 146.603, 133.28, 1.79976
FILLER_0_41_273, 146.603, 133.28, 1.79976
FILLER_0_42_277, 146.603, 133.28, 1.79976
FILLER_0_41_327, 169.882, 133.28, 1.79978
FILLER_0_42_333, 169.882, 133.28, 1.79978
PHY_76, 20.24, 127.84, 1.79968
PHY_78, 20.24, 127.84, 1.79968
PHY_77, 179.86, 127.84, 1.79977
PHY_79, 179.86, 127.84, 1.79977
FILLER_0_38_341, 179.86, 127.84, 1.79977
FILLER_0_39_337, 179.86, 127.84, 1.79977
_281_, 53.491, 127.84, 1.79967
_399_, 53.491, 127.84, 1.79967
_400_, 53.491, 127.84, 1.79967
_415_, 53.491, 127.84, 1.79967
_498_, 53.491, 127.84, 1.79967
FILLER_0_39_77, 53.491, 127.84, 1.79967
_301_, 66.793, 127.84, 1.79968
_319_, 66.793, 127.84, 1.79968
_320_, 66.793, 127.84, 1.79968
_357_, 66.793, 127.84, 1.79968
_503_, 66.793, 127.84, 1.79968
_311_, 93.396, 127.84, 1.79971
_372_, 93.396, 127.84, 1.79971
_404_, 93.396, 127.84, 1.79971
_521_, 93.396, 127.84, 1.79971
FILLER_0_38_153, 93.396, 127.84, 1.79971
FILLER_0_39_156, 93.396, 127.84, 1.79971
_290_, 106.698, 127.84, 1.79974
_403_, 106.698, 127.84, 1.79974
FILLER_0_40_193, 106.698, 127.84, 1.79974
_294_, 133.301, 127.84, 1.79974
_318_, 133.301, 127.84, 1.79974
_398_, 133.301, 127.84, 1.79974
_413_, 133.301, 127.84, 1.79974
_414_, 133.301, 127.84, 1.79974
_518_, 133.301, 127.84, 1.79974
FILLER_0_38_239, 133.301, 127.84, 1.79974
FILLER_0_39_233, 133.301, 127.84, 1.79974
_315_, 146.603, 127.84, 1.79975
_317_, 146.603, 127.84, 1.79975
_407_, 146.603, 127.84, 1.79975
_472_, 146.603, 127.84, 1.79975
_555_, 146.603, 127.84, 1.79975
FILLER_0_39_272, 146.603, 127.84, 1.79975
FILLER_0_39_281, 146.603, 127.84, 1.79975
input14, 169.882, 127.84, 1.79977
FILLER_0_39_328, 169.882, 127.84, 1.79977
PHY_72, 20.24, 122.4, 1.79971
PHY_74, 20.24, 122.4, 1.79971
PHY_73, 179.86, 122.4, 1.7998
PHY_75, 179.86, 122.4, 1.7998
FILLER_0_36_341, 179.86, 122.4, 1.7998
FILLER_0_37_337, 179.86, 122.4, 1.7998
_282_, 53.491, 122.4, 1.79972
FILLER_0_37_81, 53.491, 122.4, 1.79972
FILLER_0_38_76, 53.491, 122.4, 1.79972
_358_, 66.793, 122.4, 1.79973
FILLER_0_37_105, 66.793, 122.4, 1.79973
_371_, 93.396, 122.4, 1.79975
_505_, 93.396, 122.4, 1.79975
FILLER_0_37_161, 93.396, 122.4, 1.79975
_250_, 106.698, 122.4, 1.79977
_251_, 106.698, 122.4, 1.79977
_291_, 106.698, 122.4, 1.79977
FILLER_0_37_201, 106.698, 122.4, 1.79977
FILLER_0_38_191, 106.698, 122.4, 1.79977
_295_, 133.301, 122.4, 1.7998
_397_, 133.301, 122.4, 1.7998
FILLER_0_36_244, 133.301, 122.4, 1.7998
FILLER_0_37_277, 146.603, 122.4, 1.7998
FILLER_0_38_286, 146.603, 122.4, 1.7998
FILLER_0_37_329, 169.882, 122.4, 1.7998
FILLER_0_38_333, 169.882, 122.4, 1.7998
PHY_68, 20.24, 116.96, 1.79962
PHY_70, 20.24, 116.96, 1.79962
PHY_69, 179.86, 116.96, 1.79973
PHY_71, 179.86, 116.96, 1.79973
FILLER_0_34_339, 179.86, 116.96, 1.79973
FILLER_0_35_337, 179.86, 116.96, 1.79973
clkbuf_3_2__f_clk, 53.491, 116.96, 1.79953
FILLER_0_34_65, 53.491, 116.96, 1.79953
FILLER_0_36_77, 53.491, 116.96, 1.79953
_333_, 66.793, 116.96, 1.79953
_384_, 66.793, 116.96, 1.79953
clkbuf_3_3__f_clk, 66.793, 116.96, 1.79953
FILLER_0_34_96, 66.793, 116.96, 1.79953
FILLER_0_35_89, 66.793, 116.96, 1.79953
_342_, 93.396, 116.96, 1.79965
hold12, 93.396, 116.96, 1.79965
_260_, 106.698, 116.96, 1.79967
FILLER_0_34_179, 106.698, 116.96, 1.79967
FILLER_0_36_189, 106.698, 116.96, 1.79967
FILLER_0_36_197, 106.698, 116.96, 1.79967
_298_, 133.301, 116.96, 1.79962
clkbuf_3_7__f_clk, 133.301, 116.96, 1.79962
FILLER_0_34_242, 133.301, 116.96, 1.79962
_256_, 146.603, 116.96, 1.79967
_456_, 146.603, 116.96, 1.79967
_547_, 146.603, 116.96, 1.79967
FILLER_0_35_281, 146.603, 116.96, 1.79967
FILLER_0_35_327, 169.882, 116.96, 1.79973
PHY_64, 20.24, 111.52, 1.79964
PHY_66, 20.24, 111.52, 1.79964
output27, 20.24, 111.52, 1.79964
PHY_65, 179.86, 111.52, 1.79975
PHY_67, 179.86, 111.52, 1.79975
FILLER_0_32_341, 179.86, 111.52, 1.79975
FILLER_0_33_337, 179.86, 111.52, 1.79975
_334_, 53.491, 111.52, 1.79964
_352_, 53.491, 111.52, 1.79964
_353_, 53.491, 111.52, 1.79964
_492_, 53.491, 111.52, 1.79964
hold2, 53.491, 111.52, 1.79964
FILLER_0_33_77, 53.491, 111.52, 1.79964
_299_, 66.793, 111.52, 1.79965
_300_, 66.793, 111.52, 1.79965
_383_, 66.793, 111.52, 1.79965
_511_, 66.793, 111.52, 1.79965
hold8, 66.793, 111.52, 1.79965
FILLER_0_33_107, 66.793, 111.52, 1.79965
FILLER_0_34_104, 66.793, 111.52, 1.79965
_388_, 93.396, 111.52, 1.7997
FILLER_0_33_163, 93.396, 111.52, 1.7997
FILLER_0_33_169, 93.396, 111.52, 1.7997
_513_, 106.698, 111.52, 1.79972
FILLER_0_34_190, 106.698, 111.52, 1.79972
_360_, 133.301, 111.52, 1.79973
_499_, 133.301, 111.52, 1.79973
FILLER_0_33_249, 133.301, 111.52, 1.79973
FILLER_0_34_253, 133.301, 111.52, 1.79973
_297_, 146.603, 111.52, 1.79973
_359_, 146.603, 111.52, 1.79973
_392_, 146.603, 111.52, 1.79973
_515_, 146.603, 111.52, 1.79973
FILLER_0_33_276, 146.603, 111.52, 1.79973
FILLER_0_33_281, 146.603, 111.52, 1.79973
FILLER_0_34_279, 146.603, 111.52, 1.79973
FILLER_0_33_328, 169.882, 111.52, 1.79975
PHY_60, 20.24, 106.08, 1.79966
PHY_62, 20.24, 106.08, 1.79966
PHY_61, 179.86, 106.08, 1.79974
PHY_63, 179.86, 106.08, 1.79974
FILLER_0_30_341, 179.86, 106.08, 1.79974
FILLER_0_31_337, 179.86, 106.08, 1.79974
_457_, 53.491, 106.08, 1.79965
_548_, 53.491, 106.08, 1.79965
FILLER_0_30_65, 53.491, 106.08, 1.79965
FILLER_0_32_74, 53.491, 106.08, 1.79965
FILLER_0_32_85, 53.491, 106.08, 1.79965
_426_, 66.793, 106.08, 1.79966
FILLER_0_31_107, 66.793, 106.08, 1.79966
_259_, 93.396, 106.08, 1.79965
_321_, 93.396, 106.08, 1.79965
_347_, 93.396, 106.08, 1.79965
_348_, 93.396, 106.08, 1.79965
_496_, 93.396, 106.08, 1.79965
fanout32, 93.396, 106.08, 1.79965
hold6, 93.396, 106.08, 1.79965
_270_, 106.698, 106.08, 1.79968
_271_, 106.698, 106.08, 1.79968
_387_, 106.698, 106.08, 1.79968
FILLER_0_31_187, 106.698, 106.08, 1.79968
_257_, 133.301, 106.08, 1.79971
_424_, 133.301, 106.08, 1.79971
_531_, 133.301, 106.08, 1.79971
FILLER_0_31_247, 133.301, 106.08, 1.79971
FILLER_0_32_249, 133.301, 106.08, 1.79971
FILLER_0_32_253, 133.301, 106.08, 1.79971
hold24, 146.603, 106.08, 1.79972
FILLER_0_31_274, 146.603, 106.08, 1.79972
FILLER_0_30_321, 169.882, 106.08, 1.79974
FILLER_0_31_329, 169.882, 106.08, 1.79974
FILLER_0_32_333, 169.882, 106.08, 1.79974
PHY_56, 20.24, 100.64, 1.79964
PHY_58, 20.24, 100.64, 1.79964
PHY_57, 179.86, 100.64, 1.79966
PHY_59, 179.86, 100.64, 1.79966
output24, 179.86, 100.64, 1.79966
FILLER_0_29_337, 179.86, 100.64, 1.79966
_285_, 53.491, 100.64, 1.79962
_286_, 53.491, 100.64, 1.79962
_289_, 53.491, 100.64, 1.79962
_458_, 53.491, 100.64, 1.79962
FILLER_0_29_69, 53.491, 100.64, 1.79962
FILLER_0_29_77, 53.491, 100.64, 1.79962
FILLER_0_30_76, 53.491, 100.64, 1.79962
_532_, 66.793, 100.64, 1.7996
FILLER_0_29_102, 66.793, 100.64, 1.7996
FILLER_0_29_113, 66.793, 100.64, 1.7996
FILLER_0_30_104, 66.793, 100.64, 1.7996
_249_, 93.396, 100.64, 1.7995
fanout31, 93.396, 100.64, 1.7995
clkbuf_0_clk, 93.396, 100.64, 1.7995
FILLER_0_29_162, 93.396, 100.64, 1.7995
_279_, 106.698, 100.64, 1.79958
_280_, 106.698, 100.64, 1.79958
_337_, 106.698, 100.64, 1.79958
_338_, 106.698, 100.64, 1.79958
FILLER_0_28_178, 106.698, 100.64, 1.79958
FILLER_0_28_187, 106.698, 100.64, 1.79958
FILLER_0_29_180, 106.698, 100.64, 1.79958
FILLER_0_30_189, 106.698, 100.64, 1.79958
_325_, 133.301, 100.64, 1.79967
_328_, 133.301, 100.64, 1.79967
_382_, 133.301, 100.64, 1.79967
_423_, 133.301, 100.64, 1.79967
FILLER_0_28_245, 133.301, 100.64, 1.79967
FILLER_0_29_249, 133.301, 100.64, 1.79967
FILLER_0_30_246, 133.301, 100.64, 1.79967
FILLER_0_30_253, 133.301, 100.64, 1.79967
_277_, 146.603, 100.64, 1.79968
FILLER_0_29_276, 146.603, 100.64, 1.79968
FILLER_0_29_281, 146.603, 100.64, 1.79968
_322_, 169.882, 100.64, 1.79968
FILLER_0_29_327, 169.882, 100.64, 1.79968
FILLER_0_30_333, 169.882, 100.64, 1.79968
PHY_52, 20.24, 95.2, 1.79965
PHY_54, 20.24, 95.2, 1.79965
PHY_53, 179.86, 95.2, 1.79969
PHY_55, 179.86, 95.2, 1.79969
FILLER_0_26_341, 179.86, 95.2, 1.79969
FILLER_0_27_337, 179.86, 95.2, 1.79969
_393_, 53.491, 95.2, 1.79965
_474_, 53.491, 95.2, 1.79965
FILLER_0_26_67, 53.491, 95.2, 1.79965
FILLER_0_27_68, 53.491, 95.2, 1.79965
FILLER_0_28_77, 53.491, 95.2, 1.79965
hold4, 66.793, 95.2, 1.79965
FILLER_0_27_105, 66.793, 95.2, 1.79965
FILLER_0_27_161, 93.396, 95.2, 1.79966
_494_, 106.698, 95.2, 1.79966
_326_, 133.301, 95.2, 1.79966
_327_, 133.301, 95.2, 1.79966
_488_, 133.301, 95.2, 1.79966
FILLER_0_26_245, 133.301, 95.2, 1.79966
FILLER_0_27_237, 133.301, 95.2, 1.79966
_440_, 146.603, 95.2, 1.79966
_507_, 146.603, 95.2, 1.79966
_539_, 146.603, 95.2, 1.79966
FILLER_0_27_277, 146.603, 95.2, 1.79966
FILLER_0_27_326, 169.882, 95.2, 1.79969
FILLER_0_28_333, 169.882, 95.2, 1.79969
PHY_48, 20.24, 89.76, 1.79961
PHY_50, 20.24, 89.76, 1.79961
PHY_49, 179.86, 89.76, 1.79969
PHY_51, 179.86, 89.76, 1.79969
FILLER_0_24_341, 179.86, 89.76, 1.79969
FILLER_0_25_337, 179.86, 89.76, 1.79969
_409_, 53.491, 89.76, 1.79959
_410_, 53.491, 89.76, 1.79959
_473_, 53.491, 89.76, 1.79959
_524_, 53.491, 89.76, 1.79959
_556_, 53.491, 89.76, 1.79959
FILLER_0_25_65, 53.491, 89.76, 1.79959
_305_, 66.793, 89.76, 1.7996
_309_, 66.793, 89.76, 1.7996
_378_, 66.793, 89.76, 1.7996
_441_, 66.793, 89.76, 1.7996
_442_, 66.793, 89.76, 1.7996
FILLER_0_24_95, 66.793, 89.76, 1.7996
FILLER_0_26_102, 66.793, 89.76, 1.7996
_248_, 93.396, 89.76, 1.79963
FILLER_0_25_163, 93.396, 89.76, 1.79963
FILLER_0_25_169, 93.396, 89.76, 1.79963
FILLER_0_26_168, 93.396, 89.76, 1.79963
_247_, 106.698, 89.76, 1.79964
_538_, 106.698, 89.76, 1.79964
FILLER_0_24_182, 106.698, 89.76, 1.79964
FILLER_0_25_177, 106.698, 89.76, 1.79964
FILLER_0_26_190, 106.698, 89.76, 1.79964
_489_, 133.301, 89.76, 1.79966
FILLER_0_25_273, 146.603, 89.76, 1.79968
FILLER_0_25_329, 169.882, 89.76, 1.79969
FILLER_0_26_333, 169.882, 89.76, 1.79969
PHY_44, 20.24, 84.32, 1.79962
PHY_46, 20.24, 84.32, 1.79962
input13, 20.24, 84.32, 1.79962
PHY_45, 179.86, 84.32, 1.79968
PHY_47, 179.86, 84.32, 1.79968
FILLER_0_22_341, 179.86, 84.32, 1.79968
FILLER_0_23_337, 179.86, 84.32, 1.79968
_306_, 53.491, 84.32, 1.79961
_508_, 66.793, 84.32, 1.7996
_540_, 66.793, 84.32, 1.7996
FILLER_0_23_105, 66.793, 84.32, 1.7996
_373_, 93.396, 84.32, 1.79962
_374_, 93.396, 84.32, 1.79962
_506_, 93.396, 84.32, 1.79962
FILLER_0_23_157, 93.396, 84.32, 1.79962
_437_, 106.698, 84.32, 1.79964
_438_, 106.698, 84.32, 1.79964
FILLER_0_24_193, 106.698, 84.32, 1.79964
_379_, 133.301, 84.32, 1.79967
_380_, 133.301, 84.32, 1.79967
FILLER_0_24_248, 133.301, 84.32, 1.79967
_293_, 146.603, 84.32, 1.79967
_313_, 146.603, 84.32, 1.79967
FILLER_0_22_262, 146.603, 84.32, 1.79967
FILLER_0_23_272, 146.603, 84.32, 1.79967
FILLER_0_23_329, 169.882, 84.32, 1.79968
FILLER_0_24_333, 169.882, 84.32, 1.79968
PHY_40, 20.24, 78.88, 1.79956
PHY_42, 20.24, 78.88, 1.79956
PHY_41, 179.86, 78.88, 1.79962
PHY_43, 179.86, 78.88, 1.79962
FILLER_0_20_341, 179.86, 78.88, 1.79962
FILLER_0_21_337, 179.86, 78.88, 1.79962
_401_, 53.491, 78.88, 1.79946
clkbuf_3_0__f_clk, 53.491, 78.88, 1.79946
FILLER_0_22_77, 53.491, 78.88, 1.79946
_351_, 66.793, 78.88, 1.79945
clkbuf_3_1__f_clk, 66.793, 78.88, 1.79945
FILLER_0_20_91, 66.793, 78.88, 1.79945
FILLER_0_21_89, 66.793, 78.88, 1.79945
_288_, 93.396, 78.88, 1.79952
_341_, 93.396, 78.88, 1.79952
_522_, 93.396, 78.88, 1.79952
FILLER_0_21_164, 93.396, 78.88, 1.79952
_268_, 106.698, 78.88, 1.79952
_389_, 106.698, 78.88, 1.79952
_405_, 106.698, 78.88, 1.79952
FILLER_0_20_183, 106.698, 78.88, 1.79952
FILLER_0_21_187, 106.698, 78.88, 1.79952
FILLER_0_22_189, 106.698, 78.88, 1.79952
_252_, 133.301, 78.88, 1.79948
_363_, 133.301, 78.88, 1.79948
_364_, 133.301, 78.88, 1.79948
clkbuf_3_5__f_clk, 133.301, 78.88, 1.79948
_292_, 146.603, 78.88, 1.79953
_312_, 146.603, 78.88, 1.79953
_395_, 146.603, 78.88, 1.79953
_396_, 146.603, 78.88, 1.79953
_411_, 146.603, 78.88, 1.79953
_412_, 146.603, 78.88, 1.79953
_525_, 146.603, 78.88, 1.79953
FILLER_0_20_265, 146.603, 78.88, 1.79953
FILLER_0_21_331, 169.882, 78.88, 1.79962
FILLER_0_22_333, 169.882, 78.88, 1.79962
PHY_36, 20.24, 73.44, 1.7996
PHY_38, 20.24, 73.44, 1.7996
PHY_37, 179.86, 73.44, 1.79965
PHY_39, 179.86, 73.44, 1.79965
input23, 179.86, 73.44, 1.79965
FILLER_0_19_337, 179.86, 73.44, 1.79965
_283_, 53.491, 73.44, 1.79959
_284_, 53.491, 73.44, 1.79959
_402_, 53.491, 73.44, 1.79959
_528_, 53.491, 73.44, 1.79959
FILLER_0_19_77, 53.491, 73.44, 1.79959
FILLER_0_20_74, 53.491, 73.44, 1.79959
_303_, 66.793, 73.44, 1.79959
_304_, 66.793, 73.44, 1.79959
_356_, 66.793, 73.44, 1.79959
_370_, 66.793, 73.44, 1.79959
_386_, 66.793, 73.44, 1.79959
fanout29, 66.793, 73.44, 1.79959
FILLER_0_19_93, 66.793, 73.44, 1.79959
FILLER_0_19_106, 66.793, 73.44, 1.79959
FILLER_0_20_102, 66.793, 73.44, 1.79959
_308_, 93.396, 73.44, 1.79961
_406_, 93.396, 73.44, 1.79961
FILLER_0_19_163, 93.396, 73.44, 1.79961
_287_, 106.698, 73.44, 1.79961
_307_, 106.698, 73.44, 1.79961
_390_, 106.698, 73.44, 1.79961
_514_, 106.698, 73.44, 1.79961
FILLER_0_19_193, 106.698, 73.44, 1.79961
FILLER_0_20_249, 133.301, 73.44, 1.79964
_517_, 146.603, 73.44, 1.79964
hold22, 146.603, 73.44, 1.79964
FILLER_0_19_273, 146.603, 73.44, 1.79964
FILLER_0_19_329, 169.882, 73.44, 1.79965
FILLER_0_20_333, 169.882, 73.44, 1.79965
PHY_32, 20.24, 68, 1.79961
PHY_34, 20.24, 68, 1.79961
PHY_33, 179.86, 68, 1.79966
PHY_35, 179.86, 68, 1.79966
FILLER_0_16_341, 179.86, 68, 1.79966
FILLER_0_17_337, 179.86, 68, 1.79966
_417_, 53.491, 68, 1.7996
_418_, 53.491, 68, 1.7996
FILLER_0_17_69, 53.491, 68, 1.7996
_504_, 66.793, 68, 1.79958
_512_, 66.793, 68, 1.79958
FILLER_0_18_110, 66.793, 68, 1.79958
_421_, 93.396, 68, 1.79959
_422_, 93.396, 68, 1.79959
_530_, 93.396, 68, 1.79959
fanout33, 93.396, 68, 1.79959
FILLER_0_16_153, 93.396, 68, 1.79959
FILLER_0_17_157, 93.396, 68, 1.79959
FILLER_0_17_169, 93.396, 68, 1.79959
_267_, 106.698, 68, 1.7996
_546_, 106.698, 68, 1.7996
fanout30, 106.698, 68, 1.7996
FILLER_0_17_193, 106.698, 68, 1.7996
FILLER_0_18_197, 106.698, 68, 1.7996
_475_, 133.301, 68, 1.79963
fanout34, 133.301, 68, 1.79963
hold23, 133.301, 68, 1.79963
FILLER_0_18_249, 133.301, 68, 1.79963
_459_, 146.603, 68, 1.79964
hold19, 146.603, 68, 1.79964
FILLER_0_17_329, 169.882, 68, 1.79966
FILLER_0_18_333, 169.882, 68, 1.79966
PHY_28, 20.24, 62.56, 1.79961
PHY_30, 20.24, 62.56, 1.79961
PHY_29, 179.86, 62.56, 1.79964
PHY_31, 179.86, 62.56, 1.79964
FILLER_0_14_341, 179.86, 62.56, 1.79964
FILLER_0_15_337, 179.86, 62.56, 1.79964
_465_, 53.491, 62.56, 1.79959
_466_, 53.491, 62.56, 1.79959
_552_, 53.491, 62.56, 1.79959
FILLER_0_14_61, 53.491, 62.56, 1.79959
FILLER_0_15_69, 53.491, 62.56, 1.79959
FILLER_0_15_80, 53.491, 62.56, 1.79959
FILLER_0_16_77, 53.491, 62.56, 1.79959
_481_, 66.793, 62.56, 1.7996
hold11, 66.793, 62.56, 1.7996
hold13, 66.793, 62.56, 1.7996
FILLER_0_15_101, 66.793, 62.56, 1.7996
FILLER_0_15_109, 66.793, 62.56, 1.7996
hold25, 93.396, 62.56, 1.79959
FILLER_0_15_161, 93.396, 62.56, 1.79959
_469_, 106.698, 62.56, 1.79959
_470_, 106.698, 62.56, 1.79959
_485_, 106.698, 62.56, 1.79959
_554_, 106.698, 62.56, 1.79959
FILLER_0_16_191, 106.698, 62.56, 1.79959
FILLER_0_16_197, 106.698, 62.56, 1.79959
_476_, 133.301, 62.56, 1.79959
_549_, 133.301, 62.56, 1.79959
_557_, 133.301, 62.56, 1.79959
hold28, 133.301, 62.56, 1.79959
FILLER_0_15_253, 133.301, 62.56, 1.79959
_460_, 146.603, 62.56, 1.79961
FILLER_0_15_329, 169.882, 62.56, 1.79964
FILLER_0_16_333, 169.882, 62.56, 1.79964
PHY_24, 20.24, 57.12, 1.79961
PHY_26, 20.24, 57.12, 1.79961
PHY_25, 179.86, 57.12, 1.79965
PHY_27, 179.86, 57.12, 1.79965
FILLER_0_12_341, 179.86, 57.12, 1.79965
FILLER_0_13_337, 179.86, 57.12, 1.79965
_560_, 53.491, 57.12, 1.79959
FILLER_0_13_69, 53.491, 57.12, 1.79959
_339_, 66.793, 57.12, 1.79959
_344_, 66.793, 57.12, 1.79959
_354_, 66.793, 57.12, 1.79959
_355_, 66.793, 57.12, 1.79959
_482_, 66.793, 57.12, 1.79959
FILLER_0_12_97, 66.793, 57.12, 1.79959
FILLER_0_13_95, 66.793, 57.12, 1.79959
FILLER_0_14_107, 66.793, 57.12, 1.79959
_434_, 93.396, 57.12, 1.7996
_486_, 93.396, 57.12, 1.7996
hold15, 93.396, 57.12, 1.7996
FILLER_0_13_160, 93.396, 57.12, 1.7996
FILLER_0_13_169, 93.396, 57.12, 1.7996
_562_, 106.698, 57.12, 1.7996
hold14, 106.698, 57.12, 1.7996
FILLER_0_12_245, 133.301, 57.12, 1.79964
FILLER_0_14_249, 133.301, 57.12, 1.79964
FILLER_0_13_273, 146.603, 57.12, 1.79964
FILLER_0_13_329, 169.882, 57.12, 1.79965
FILLER_0_14_333, 169.882, 57.12, 1.79965
PHY_20, 20.24, 51.68, 1.79963
PHY_22, 20.24, 51.68, 1.79963
PHY_21, 179.86, 51.68, 1.79965
PHY_23, 179.86, 51.68, 1.79965
FILLER_0_10_341, 179.86, 51.68, 1.79965
FILLER_0_11_337, 179.86, 51.68, 1.79965
FILLER_0_12_77, 53.491, 51.68, 1.79962
_349_, 66.793, 51.68, 1.79962
_350_, 66.793, 51.68, 1.79962
FILLER_0_11_105, 66.793, 51.68, 1.79962
FILLER_0_11_161, 93.396, 51.68, 1.79963
FILLER_0_12_189, 106.698, 51.68, 1.79964
FILLER_0_10_245, 133.301, 51.68, 1.79965
FILLER_0_11_273, 146.603, 51.68, 1.79965
FILLER_0_11_329, 169.882, 51.68, 1.79965
FILLER_0_12_333, 169.882, 51.68, 1.79965
PHY_16, 20.24, 46.24, 1.79963
PHY_18, 20.24, 46.24, 1.79963
PHY_17, 179.86, 46.24, 1.79965
PHY_19, 179.86, 46.24, 1.79965
FILLER_0_9_337, 179.86, 46.24, 1.79965
FILLER_0_10_77, 53.491, 46.24, 1.79963
FILLER_0_9_105, 66.793, 46.24, 1.79963
FILLER_0_9_161, 93.396, 46.24, 1.79963
FILLER_0_10_189, 106.698, 46.24, 1.79964
FILLER_0_8_245, 133.301, 46.24, 1.79964
FILLER_0_9_273, 146.603, 46.24, 1.79965
FILLER_0_9_329, 169.882, 46.24, 1.79965
FILLER_0_10_333, 169.882, 46.24, 1.79965
PHY_12, 20.24, 40.8, 1.79963
PHY_14, 20.24, 40.8, 1.79963
PHY_13, 179.86, 40.8, 1.79965
PHY_15, 179.86, 40.8, 1.79965
FILLER_0_6_341, 179.86, 40.8, 1.79965
FILLER_0_7_337, 179.86, 40.8, 1.79965
FILLER_0_8_77, 53.491, 40.8, 1.79963
FILLER_0_7_105, 66.793, 40.8, 1.79963
FILLER_0_7_161, 93.396, 40.8, 1.79963
FILLER_0_8_189, 106.698, 40.8, 1.79964
FILLER_0_6_245, 133.301, 40.8, 1.79964
FILLER_0_7_273, 146.603, 40.8, 1.79965
input6, 169.882, 40.8, 1.79965
FILLER_0_7_329, 169.882, 40.8, 1.79965
PHY_8, 20.24, 35.36, 1.79963
PHY_10, 20.24, 35.36, 1.79963
PHY_9, 179.86, 35.36, 1.79965
PHY_11, 179.86, 35.36, 1.79965
FILLER_0_4_341, 179.86, 35.36, 1.79965
FILLER_0_5_337, 179.86, 35.36, 1.79965
FILLER_0_6_77, 53.491, 35.36, 1.79963
FILLER_0_5_105, 66.793, 35.36, 1.79963
FILLER_0_5_161, 93.396, 35.36, 1.79963
FILLER_0_6_189, 106.698, 35.36, 1.79964
FILLER_0_4_245, 133.301, 35.36, 1.79964
FILLER_0_5_273, 146.603, 35.36, 1.79965
FILLER_0_5_329, 169.882, 35.36, 1.79965
FILLER_0_6_333, 169.882, 35.36, 1.79965
PHY_4, 20.24, 29.92, 1.79963
PHY_6, 20.24, 29.92, 1.79963
PHY_5, 179.86, 29.92, 1.79965
PHY_7, 179.86, 29.92, 1.79965
FILLER_0_2_341, 179.86, 29.92, 1.79965
FILLER_0_3_337, 179.86, 29.92, 1.79965
FILLER_0_2_18, 30.215, 29.92, 1.79963
FILLER_0_4_77, 53.491, 29.92, 1.79963
FILLER_0_3_105, 66.793, 29.92, 1.79963
FILLER_0_3_161, 93.396, 29.92, 1.79963
FILLER_0_4_189, 106.698, 29.92, 1.79964
FILLER_0_2_245, 133.301, 29.92, 1.79964
FILLER_0_3_273, 146.603, 29.92, 1.79965
FILLER_0_3_329, 169.882, 29.92, 1.79965
FILLER_0_4_333, 169.882, 29.92, 1.79965
PHY_0, 20.24, 24.48, 1.79962
PHY_2, 20.24, 24.48, 1.79962
input2, 20.24, 24.48, 1.79962
input16, 20.24, 24.48, 1.79962
FILLER_0_0_7, 20.24, 24.48, 1.79962
PHY_1, 179.86, 24.48, 1.79964
PHY_3, 179.86, 24.48, 1.79964
input15, 179.86, 24.48, 1.79964
input19, 179.86, 24.48, 1.79964
FILLER_0_0_337, 179.86, 24.48, 1.79964
FILLER_0_1_337, 179.86, 24.48, 1.79964
input17, 30.215, 24.48, 1.79962
FILLER_0_0_17, 30.215, 24.48, 1.79962
FILLER_0_0_25, 30.215, 24.48, 1.79962
input18, 53.491, 24.48, 1.79962
FILLER_0_0_73, 53.491, 24.48, 1.79962
FILLER_0_0_81, 53.491, 24.48, 1.79962
FILLER_0_2_77, 53.491, 24.48, 1.79962
FILLER_0_0_109, 66.793, 24.48, 1.79963
FILLER_0_1_105, 66.793, 24.48, 1.79963
FILLER_0_0_165, 93.396, 24.48, 1.79963
FILLER_0_1_161, 93.396, 24.48, 1.79963
output26, 106.698, 24.48, 1.79963
FILLER_0_0_181, 106.698, 24.48, 1.79963
FILLER_0_2_189, 106.698, 24.48, 1.79963
input4, 133.301, 24.48, 1.79964
FILLER_0_0_237, 133.301, 24.48, 1.79964
FILLER_0_0_248, 133.301, 24.48, 1.79964
FILLER_0_0_277, 146.603, 24.48, 1.79964
FILLER_0_1_273, 146.603, 24.48, 1.79964
FILLER_0_0_325, 169.882, 24.48, 1.79964
FILLER_0_0_333, 169.882, 24.48, 1.79964
FILLER_0_1_329, 169.882, 24.48, 1.79964
FILLER_0_2_333, 169.882, 24.48, 1.79964

