Instance name,  X location,  Y location,  Voltage 
input8, 163.205, 179.52, 0.000361111
FILLER_0_57_304, 163.205, 179.52, 0.000361111
FILLER_0_56_301, 163.205, 174.08, 0.000360829
FILLER_0_54_301, 163.205, 168.64, 0.000358411
FILLER_0_52_301, 163.205, 163.2, 0.000358171
FILLER_0_50_301, 163.205, 157.76, 0.000358664
FILLER_0_48_301, 163.205, 152.32, 0.000358291
FILLER_0_44_299, 163.205, 141.44, 0.000379658
FILLER_0_42_302, 163.205, 136, 0.000362571
hold7, 163.205, 130.56, 0.000373103
FILLER_0_40_300, 163.205, 130.56, 0.000373103
FILLER_0_38_299, 163.205, 125.12, 0.00036613
fanout37, 163.205, 119.68, 0.000381256
hold9, 163.205, 119.68, 0.000381256
FILLER_0_36_300, 163.205, 119.68, 0.000381256
_296_, 163.205, 114.24, 0.000373057
fanout36, 163.205, 114.24, 0.000373057
FILLER_0_32_297, 163.205, 108.8, 0.000340297
FILLER_0_32_305, 163.205, 108.8, 0.000340297
_376_, 163.205, 103.36, 0.000342278
hold16, 163.205, 97.92, 0.000345218
FILLER_0_26_299, 163.205, 92.48, 0.000312419
FILLER_0_24_301, 163.205, 87.04, 0.000284421
fanout35, 163.205, 81.6, 0.000322408
FILLER_0_22_298, 163.205, 81.6, 0.000322408
FILLER_0_16_304, 163.205, 65.28, 0.000288486
FILLER_0_14_301, 163.205, 59.84, 0.000282468
FILLER_0_12_301, 163.205, 54.4, 0.000271877
FILLER_0_10_301, 163.205, 48.96, 0.0002685
FILLER_0_8_301, 163.205, 43.52, 0.000267967
FILLER_0_6_301, 163.205, 38.08, 0.000266443
FILLER_0_4_301, 163.205, 32.64, 0.000266329
FILLER_0_2_301, 163.205, 27.2, 0.000267579
input9, 163.205, 21.76, 0.000270341
FILLER_0_0_305, 163.205, 21.76, 0.000270341
FILLER_0_57_221, 123.3, 179.52, 0.000362174
FILLER_0_55_217, 123.3, 174.08, 0.000358724
FILLER_0_57_237, 123.3, 174.08, 0.000358724
FILLER_0_53_217, 123.3, 168.64, 0.000358053
FILLER_0_51_217, 123.3, 163.2, 0.000357882
FILLER_0_49_217, 123.3, 157.76, 0.000358452
FILLER_0_47_216, 123.3, 152.32, 0.000359357
_446_, 123.3, 146.88, 0.000382424
_452_, 123.3, 146.88, 0.000382424
hold34, 123.3, 146.88, 0.000382424
hold35, 123.3, 146.88, 0.000382424
FILLER_0_46_226, 123.3, 146.88, 0.000382424
_445_, 123.3, 141.44, 0.000403956
_542_, 123.3, 141.44, 0.000403956
_558_, 123.3, 141.44, 0.000403956
hold29, 123.3, 141.44, 0.000403956
FILLER_0_45_234, 123.3, 141.44, 0.000403956
_429_, 123.3, 136, 0.000371294
_430_, 123.3, 136, 0.000371294
FILLER_0_41_221, 123.3, 136, 0.000371294
FILLER_0_39_217, 123.3, 130.56, 0.000372775
FILLER_0_40_233, 123.3, 130.56, 0.000372775
FILLER_0_41_237, 123.3, 130.56, 0.000372775
_331_, 123.3, 125.12, 0.000380719
_332_, 123.3, 125.12, 0.000380719
_414_, 123.3, 125.12, 0.000380719
FILLER_0_39_225, 123.3, 125.12, 0.000380719
FILLER_0_39_233, 123.3, 125.12, 0.000380719
_254_, 123.3, 119.68, 0.000399563
_258_, 123.3, 119.68, 0.000399563
_365_, 123.3, 119.68, 0.000399563
_366_, 123.3, 119.68, 0.000399563
FILLER_0_35_213, 123.3, 119.68, 0.000399563
_255_, 123.3, 114.24, 0.000409231
clkbuf_3_6__f_clk, 123.3, 114.24, 0.000409231
FILLER_0_35_231, 123.3, 114.24, 0.000409231
_330_, 123.3, 108.8, 0.000346837
FILLER_0_31_211, 123.3, 108.8, 0.000346837
FILLER_0_31_220, 123.3, 108.8, 0.000346837
_274_, 123.3, 103.36, 0.000378001
_275_, 123.3, 103.36, 0.000378001
_381_, 123.3, 103.36, 0.000378001
_490_, 123.3, 103.36, 0.000378001
_329_, 123.3, 97.92, 0.000332909
_382_, 123.3, 97.92, 0.000332909
_510_, 123.3, 97.92, 0.000332909
FILLER_0_27_218, 123.3, 97.92, 0.000332909
FILLER_0_25_213, 123.3, 92.48, 0.000297159
FILLER_0_25_221, 123.3, 92.48, 0.000297159
FILLER_0_27_237, 123.3, 92.48, 0.000297159
_253_, 123.3, 87.04, 0.000265372
FILLER_0_23_215, 123.3, 87.04, 0.000265372
_272_, 123.3, 81.6, 0.00031207
_273_, 123.3, 81.6, 0.00031207
_380_, 123.3, 81.6, 0.00031207
_509_, 123.3, 81.6, 0.00031207
FILLER_0_22_221, 123.3, 81.6, 0.00031207
FILLER_0_23_225, 123.3, 81.6, 0.00031207
_252_, 123.3, 76.16, 0.000333642
_501_, 123.3, 76.16, 0.000333642
clkbuf_3_4__f_clk, 123.3, 76.16, 0.000333642
FILLER_0_19_217, 123.3, 76.16, 0.000333642
FILLER_0_20_230, 123.3, 76.16, 0.000333642
FILLER_0_21_225, 123.3, 76.16, 0.000333642
hold5, 123.3, 70.72, 0.000274724
FILLER_0_17_221, 123.3, 70.72, 0.000274724
FILLER_0_18_214, 123.3, 70.72, 0.000274724
_428_, 123.3, 65.28, 0.000297408
_443_, 123.3, 65.28, 0.000297408
_444_, 123.3, 65.28, 0.000297408
_541_, 123.3, 65.28, 0.000297408
FILLER_0_15_211, 123.3, 65.28, 0.000297408
FILLER_0_16_218, 123.3, 65.28, 0.000297408
FILLER_0_17_225, 123.3, 65.28, 0.000297408
_427_, 123.3, 59.84, 0.000288593
_533_, 123.3, 59.84, 0.000288593
FILLER_0_13_219, 123.3, 59.84, 0.000288593
FILLER_0_14_217, 123.3, 59.84, 0.000288593
FILLER_0_14_225, 123.3, 59.84, 0.000288593
FILLER_0_11_217, 123.3, 54.4, 0.00026359
FILLER_0_9_217, 123.3, 48.96, 0.000257354
FILLER_0_7_217, 123.3, 43.52, 0.000256576
FILLER_0_5_217, 123.3, 38.08, 0.00025628
FILLER_0_3_217, 123.3, 32.64, 0.000256294
FILLER_0_1_217, 123.3, 27.2, 0.000256628
FILLER_0_0_221, 123.3, 21.76, 0.000260638
FILLER_0_0_237, 123.3, 21.76, 0.000260638
input7, 83.395, 179.52, 0.00035654
FILLER_0_57_135, 83.395, 179.52, 0.00035654
FILLER_0_56_133, 83.395, 174.08, 0.000353976
FILLER_0_54_133, 83.395, 168.64, 0.000352856
FILLER_0_52_133, 83.395, 163.2, 0.00035225
FILLER_0_50_133, 83.395, 157.76, 0.000351616
_448_, 83.395, 152.32, 0.000352047
FILLER_0_48_133, 83.395, 152.32, 0.000352047
_447_, 83.395, 146.88, 0.000384412
_561_, 83.395, 146.88, 0.000384412
hold32, 83.395, 146.88, 0.000384412
FILLER_0_47_150, 83.395, 146.88, 0.000384412
_431_, 83.395, 141.44, 0.000381791
hold21, 83.395, 141.44, 0.000381791
_241_, 83.395, 136, 0.000350183
FILLER_0_41_135, 83.395, 136, 0.000350183
FILLER_0_42_133, 83.395, 136, 0.000350183
_242_, 83.395, 130.56, 0.000367285
_367_, 83.395, 130.56, 0.000367285
_419_, 83.395, 130.56, 0.000367285
_420_, 83.395, 130.56, 0.000367285
_529_, 83.395, 130.56, 0.000367285
FILLER_0_40_141, 83.395, 130.56, 0.000367285
_261_, 83.395, 119.68, 0.000360101
_262_, 83.395, 119.68, 0.000360101
FILLER_0_35_131, 83.395, 119.68, 0.000360101
FILLER_0_36_129, 83.395, 119.68, 0.000360101
FILLER_0_36_137, 83.395, 119.68, 0.000360101
_342_, 83.395, 114.24, 0.000362981
_343_, 83.395, 114.24, 0.000362981
_495_, 83.395, 114.24, 0.000362981
FILLER_0_33_136, 83.395, 114.24, 0.000362981
_335_, 83.395, 108.8, 0.000333364
_336_, 83.395, 108.8, 0.000333364
_493_, 83.395, 108.8, 0.000333364
_347_, 83.395, 103.36, 0.000360079
_348_, 83.395, 103.36, 0.000360079
_496_, 83.395, 103.36, 0.000360079
hold20, 83.395, 103.36, 0.000360079
FILLER_0_30_141, 83.395, 103.36, 0.000360079
FILLER_0_31_142, 83.395, 103.36, 0.000360079
_245_, 83.395, 97.92, 0.000261945
_246_, 83.395, 97.92, 0.000261945
_249_, 83.395, 97.92, 0.000261945
FILLER_0_28_133, 83.395, 97.92, 0.000261945
_361_, 83.395, 92.48, 0.000243436
_362_, 83.395, 92.48, 0.000243436
_500_, 83.395, 92.48, 0.000243436
FILLER_0_25_128, 83.395, 92.48, 0.000243436
_266_, 83.395, 87.04, 0.00021205
_269_, 83.395, 87.04, 0.00021205
FILLER_0_24_137, 83.395, 87.04, 0.00021205
FILLER_0_21_137, 83.395, 81.6, 0.000218272
FILLER_0_22_133, 83.395, 81.6, 0.000218272
_264_, 83.395, 76.16, 0.000251479
_341_, 83.395, 76.16, 0.000251479
_346_, 83.395, 76.16, 0.000251479
FILLER_0_19_130, 83.395, 76.16, 0.000251479
FILLER_0_20_137, 83.395, 76.16, 0.000251479
_243_, 83.395, 70.72, 0.000233076
_244_, 83.395, 70.72, 0.000233076
_263_, 83.395, 70.72, 0.000233076
FILLER_0_15_137, 83.395, 65.28, 0.000242661
FILLER_0_16_133, 83.395, 65.28, 0.000242661
_433_, 83.395, 59.84, 0.000268025
_449_, 83.395, 59.84, 0.000268025
_450_, 83.395, 59.84, 0.000268025
_536_, 83.395, 59.84, 0.000268025
_544_, 83.395, 59.84, 0.000268025
FILLER_0_13_126, 83.395, 59.84, 0.000268025
hold15, 83.395, 54.4, 0.000239883
FILLER_0_12_130, 83.395, 54.4, 0.000239883
FILLER_0_10_133, 83.395, 48.96, 0.000232446
FILLER_0_8_133, 83.395, 43.52, 0.000235398
FILLER_0_6_133, 83.395, 38.08, 0.000236323
FILLER_0_4_133, 83.395, 32.64, 0.000237092
FILLER_0_2_133, 83.395, 27.2, 0.000237852
input20, 83.395, 21.76, 0.000241387
FILLER_0_0_125, 83.395, 21.76, 0.000241387
FILLER_0_0_135, 83.395, 21.76, 0.000241387
FILLER_0_57_53, 43.49, 174.08, 0.000355557
FILLER_0_53_51, 43.49, 163.2, 0.000348951
FILLER_0_51_51, 43.49, 157.76, 0.000347756
FILLER_0_49_51, 43.49, 152.32, 0.000346717
FILLER_0_47_51, 43.49, 146.88, 0.000356723
FILLER_0_43_45, 43.49, 141.44, 0.000367772
FILLER_0_45_51, 43.49, 141.44, 0.000367772
FILLER_0_43_53, 43.49, 136, 0.000343543
_527_, 43.49, 130.56, 0.000356387
FILLER_0_40_53, 43.49, 130.56, 0.000356387
FILLER_0_40_61, 43.49, 130.56, 0.000356387
FILLER_0_41_51, 43.49, 130.56, 0.000356387
_400_, 43.49, 125.12, 0.000356058
_519_, 43.49, 125.12, 0.000356058
FILLER_0_38_53, 43.49, 125.12, 0.000356058
FILLER_0_39_51, 43.49, 125.12, 0.000356058
FILLER_0_37_51, 43.49, 119.68, 0.000366603
FILLER_0_33_45, 43.49, 114.24, 0.000366876
FILLER_0_34_65, 43.49, 114.24, 0.000366876
FILLER_0_35_51, 43.49, 114.24, 0.000366876
_352_, 43.49, 108.8, 0.000336033
_353_, 43.49, 108.8, 0.000336033
_497_, 43.49, 108.8, 0.000336033
FILLER_0_32_53, 43.49, 108.8, 0.000336033
FILLER_0_33_53, 43.49, 108.8, 0.000336033
FILLER_0_30_65, 43.49, 103.36, 0.000300362
FILLER_0_31_51, 43.49, 103.36, 0.000300362
FILLER_0_31_57, 43.49, 103.36, 0.000300362
FILLER_0_29_51, 43.49, 97.92, 0.000261985
_393_, 43.49, 92.48, 0.000263052
_394_, 43.49, 92.48, 0.000263052
_516_, 43.49, 92.48, 0.000263052
FILLER_0_26_41, 43.49, 92.48, 0.000263052
_524_, 43.49, 87.04, 0.000237578
FILLER_0_24_53, 43.49, 87.04, 0.000237578
FILLER_0_25_51, 43.49, 87.04, 0.000237578
FILLER_0_25_57, 43.49, 87.04, 0.000237578
FILLER_0_25_65, 43.49, 87.04, 0.000237578
_401_, 43.49, 76.16, 0.000272898
FILLER_0_21_51, 43.49, 76.16, 0.000272898
_402_, 43.49, 70.72, 0.000257585
_520_, 43.49, 70.72, 0.000257585
_528_, 43.49, 70.72, 0.000257585
FILLER_0_18_53, 43.49, 70.72, 0.000257585
FILLER_0_19_51, 43.49, 70.72, 0.000257585
FILLER_0_17_51, 43.49, 65.28, 0.000237323
_552_, 43.49, 59.84, 0.000262036
FILLER_0_14_53, 43.49, 59.84, 0.000262036
FILLER_0_14_61, 43.49, 59.84, 0.000262036
FILLER_0_15_51, 43.49, 59.84, 0.000262036
FILLER_0_13_51, 43.49, 54.4, 0.000237046
FILLER_0_11_51, 43.49, 48.96, 0.000234543
FILLER_0_9_51, 43.49, 43.52, 0.000235613
FILLER_0_7_51, 43.49, 38.08, 0.000236067
FILLER_0_5_51, 43.49, 32.64, 0.000236486
FILLER_0_3_51, 43.49, 27.2, 0.000237672
FILLER_0_0_53, 43.49, 21.76, 0.000241158
FILLER_0_1_51, 43.49, 21.76, 0.000241158
PHY_114, 20.24, 179.52, 0.000351577
PHY_115, 179.86, 179.52, 0.000361111
FILLER_0_57_25, 31.865, 179.52, 0.000351577
input3, 56.791, 179.52, 0.000354445
FILLER_0_57_73, 56.791, 179.52, 0.000354445
FILLER_0_57_165, 96.696, 179.52, 0.000360644
output25, 109.998, 179.52, 0.000364749
FILLER_0_57_187, 109.998, 179.52, 0.000364749
input11, 136.601, 179.52, 0.000363089
FILLER_0_57_248, 136.601, 179.52, 0.000363089
FILLER_0_57_277, 149.903, 179.52, 0.0003621
FILLER_0_57_321, 171.532, 179.52, 0.000361111
PHY_110, 20.24, 174.08, 0.000371051
PHY_112, 20.24, 174.08, 0.000371051
input5, 20.24, 174.08, 0.000371051
output28, 20.24, 174.08, 0.000371051
PHY_111, 179.86, 174.08, 0.000364085
PHY_113, 179.86, 174.08, 0.000364085
input10, 179.86, 174.08, 0.000364085
FILLER_0_56_77, 56.791, 174.08, 0.00035503
FILLER_0_57_81, 56.791, 174.08, 0.00035503
FILLER_0_55_105, 70.093, 174.08, 0.000354503
FILLER_0_57_109, 70.093, 174.08, 0.000354503
FILLER_0_55_161, 96.696, 174.08, 0.000355559
FILLER_0_56_189, 109.998, 174.08, 0.000357141
FILLER_0_56_245, 136.601, 174.08, 0.000359426
FILLER_0_55_273, 149.903, 174.08, 0.000360127
FILLER_0_57_293, 149.903, 174.08, 0.000360127
input12, 171.532, 174.08, 0.000362987
FILLER_0_56_333, 171.532, 174.08, 0.000362987
FILLER_0_57_329, 171.532, 174.08, 0.000362987
FILLER_0_57_337, 171.532, 174.08, 0.000362987
PHY_106, 20.24, 168.64, 0.000354584
PHY_108, 20.24, 168.64, 0.000354584
input1, 20.24, 168.64, 0.000354584
PHY_107, 179.86, 168.64, 0.000358411
PHY_109, 179.86, 168.64, 0.000358411
FILLER_0_54_341, 179.86, 168.64, 0.000358411
FILLER_0_54_77, 56.791, 168.64, 0.00035153
FILLER_0_53_105, 70.093, 168.64, 0.000352193
FILLER_0_53_161, 96.696, 168.64, 0.000354588
FILLER_0_54_189, 109.998, 168.64, 0.000356321
FILLER_0_54_245, 136.601, 168.64, 0.000358173
FILLER_0_53_273, 149.903, 168.64, 0.000358292
FILLER_0_54_333, 171.532, 168.64, 0.000358411
FILLER_0_55_329, 171.532, 168.64, 0.000358411
FILLER_0_55_337, 171.532, 168.64, 0.000358411
PHY_102, 20.24, 163.2, 0.000348951
PHY_104, 20.24, 163.2, 0.000348951
PHY_103, 179.86, 163.2, 0.000358171
PHY_105, 179.86, 163.2, 0.000358171
FILLER_0_52_341, 179.86, 163.2, 0.000358171
FILLER_0_52_77, 56.791, 163.2, 0.000350051
FILLER_0_51_105, 70.093, 163.2, 0.00035115
FILLER_0_51_161, 96.696, 163.2, 0.000354127
FILLER_0_52_189, 109.998, 163.2, 0.000356004
FILLER_0_52_245, 136.601, 163.2, 0.000357978
FILLER_0_51_273, 149.903, 163.2, 0.000358075
FILLER_0_52_333, 171.532, 163.2, 0.000358171
FILLER_0_53_329, 171.532, 163.2, 0.000358171
FILLER_0_53_337, 171.532, 163.2, 0.000358171
PHY_98, 20.24, 157.76, 0.000347756
PHY_100, 20.24, 157.76, 0.000347756
PHY_99, 179.86, 157.76, 0.000359611
PHY_101, 179.86, 157.76, 0.000359611
input21, 179.86, 157.76, 0.000359611
FILLER_0_50_77, 56.791, 157.76, 0.000349043
FILLER_0_49_105, 70.093, 157.76, 0.000350329
FILLER_0_49_161, 96.696, 157.76, 0.000353895
FILLER_0_50_189, 109.998, 157.76, 0.000356173
FILLER_0_50_245, 136.601, 157.76, 0.000358523
FILLER_0_49_273, 149.903, 157.76, 0.000358593
FILLER_0_50_333, 171.532, 157.76, 0.000359138
FILLER_0_51_329, 171.532, 157.76, 0.000359138
FILLER_0_51_337, 171.532, 157.76, 0.000359138
PHY_94, 20.24, 152.32, 0.000346717
PHY_96, 20.24, 152.32, 0.000346717
PHY_95, 179.86, 152.32, 0.000358291
PHY_97, 179.86, 152.32, 0.000358291
FILLER_0_48_341, 179.86, 152.32, 0.000358291
FILLER_0_48_77, 56.791, 152.32, 0.000348493
FILLER_0_47_105, 70.093, 152.32, 0.00035027
_484_, 96.696, 152.32, 0.000355371
FILLER_0_47_158, 96.696, 152.32, 0.000355371
FILLER_0_47_164, 96.696, 152.32, 0.000355371
FILLER_0_47_189, 109.998, 152.32, 0.000357364
FILLER_0_48_189, 109.998, 152.32, 0.000357364
FILLER_0_48_245, 136.601, 152.32, 0.000359001
FILLER_0_47_273, 149.903, 152.32, 0.000358646
FILLER_0_48_333, 171.532, 152.32, 0.000358291
FILLER_0_49_329, 171.532, 152.32, 0.000358291
FILLER_0_49_337, 171.532, 152.32, 0.000358291
PHY_90, 20.24, 146.88, 0.000356723
PHY_92, 20.24, 146.88, 0.000356723
PHY_91, 179.86, 146.88, 0.000363677
PHY_93, 179.86, 146.88, 0.000363677
FILLER_0_46_341, 179.86, 146.88, 0.000363677
_480_, 56.791, 146.88, 0.000373786
FILLER_0_46_77, 56.791, 146.88, 0.000373786
FILLER_0_46_85, 56.791, 146.88, 0.000373786
_479_, 70.093, 146.88, 0.00038969
_543_, 70.093, 146.88, 0.00038969
hold10, 70.093, 146.88, 0.00038969
FILLER_0_45_106, 70.093, 146.88, 0.00038969
FILLER_0_46_113, 70.093, 146.88, 0.00038969
FILLER_0_47_113, 70.093, 146.88, 0.00038969
_483_, 96.696, 146.88, 0.000405111
_537_, 96.696, 146.88, 0.000405111
hold26, 96.696, 146.88, 0.000405111
FILLER_0_45_154, 96.696, 146.88, 0.000405111
_467_, 109.998, 146.88, 0.000404606
_545_, 109.998, 146.88, 0.000404606
hold30, 109.998, 146.88, 0.000404606
FILLER_0_46_206, 109.998, 146.88, 0.000404606
_461_, 136.601, 146.88, 0.000379086
hold31, 136.601, 146.88, 0.000379086
FILLER_0_46_333, 171.532, 146.88, 0.000363677
FILLER_0_47_329, 171.532, 146.88, 0.000363677
FILLER_0_47_337, 171.532, 146.88, 0.000363677
PHY_86, 20.24, 141.44, 0.000367772
PHY_88, 20.24, 141.44, 0.000367772
PHY_87, 179.86, 141.44, 0.000379658
PHY_89, 179.86, 141.44, 0.000379658
FILLER_0_44_341, 179.86, 141.44, 0.000379658
_464_, 56.791, 141.44, 0.000402552
_551_, 56.791, 141.44, 0.000402552
_559_, 56.791, 141.44, 0.000402552
FILLER_0_44_77, 56.791, 141.44, 0.000402552
_463_, 70.093, 141.44, 0.000402746
_535_, 70.093, 141.44, 0.000402746
hold36, 70.093, 141.44, 0.000402746
FILLER_0_43_105, 70.093, 141.44, 0.000402746
FILLER_0_44_105, 70.093, 141.44, 0.000402746
FILLER_0_45_122, 70.093, 141.44, 0.000402746
_435_, 96.696, 141.44, 0.000404077
_436_, 96.696, 141.44, 0.000404077
_553_, 96.696, 141.44, 0.000404077
FILLER_0_43_160, 96.696, 141.44, 0.000404077
FILLER_0_44_161, 96.696, 141.44, 0.000404077
_451_, 109.998, 141.44, 0.000406922
_468_, 109.998, 141.44, 0.000406922
hold33, 109.998, 141.44, 0.000406922
FILLER_0_43_193, 109.998, 141.44, 0.000406922
FILLER_0_44_192, 109.998, 141.44, 0.000406922
FILLER_0_44_207, 109.998, 141.44, 0.000406922
_462_, 136.601, 141.44, 0.000418446
_477_, 136.601, 141.44, 0.000418446
_478_, 136.601, 141.44, 0.000418446
_550_, 136.601, 141.44, 0.000418446
hold18, 136.601, 141.44, 0.000418446
FILLER_0_44_240, 136.601, 141.44, 0.000418446
_323_, 149.903, 141.44, 0.000409274
_324_, 149.903, 141.44, 0.000409274
_487_, 149.903, 141.44, 0.000409274
FILLER_0_43_270, 149.903, 141.44, 0.000409274
FILLER_0_44_270, 149.903, 141.44, 0.000409274
FILLER_0_43_326, 171.532, 141.44, 0.000379658
FILLER_0_44_333, 171.532, 141.44, 0.000379658
FILLER_0_45_329, 171.532, 141.44, 0.000379658
FILLER_0_45_337, 171.532, 141.44, 0.000379658
PHY_82, 20.24, 136, 0.00035114
PHY_84, 20.24, 136, 0.00035114
input22, 20.24, 136, 0.00035114
PHY_83, 179.86, 136, 0.000362571
PHY_85, 179.86, 136, 0.000362571
FILLER_0_42_341, 179.86, 136, 0.000362571
_416_, 56.791, 136, 0.000346921
FILLER_0_42_77, 56.791, 136, 0.000346921
_432_, 70.093, 136, 0.000349143
FILLER_0_43_113, 70.093, 136, 0.000349143
FILLER_0_43_120, 70.093, 136, 0.000349143
FILLER_0_41_160, 96.696, 136, 0.000362801
_534_, 109.998, 136, 0.000375421
FILLER_0_42_189, 109.998, 136, 0.000375421
FILLER_0_42_209, 109.998, 136, 0.000375421
FILLER_0_43_201, 109.998, 136, 0.000375421
_526_, 136.601, 136, 0.000380181
_408_, 149.903, 136, 0.000371942
FILLER_0_41_273, 149.903, 136, 0.000371942
FILLER_0_42_277, 149.903, 136, 0.000371942
FILLER_0_41_327, 171.532, 136, 0.000362571
FILLER_0_42_333, 171.532, 136, 0.000362571
FILLER_0_43_337, 171.532, 136, 0.000362571
PHY_78, 20.24, 130.56, 0.000356387
PHY_80, 20.24, 130.56, 0.000356387
PHY_79, 179.86, 130.56, 0.000374461
PHY_81, 179.86, 130.56, 0.000374461
_415_, 56.791, 130.56, 0.000369772
FILLER_0_39_77, 56.791, 130.56, 0.000369772
_301_, 70.093, 130.56, 0.000381483
_302_, 70.093, 130.56, 0.000381483
_319_, 70.093, 130.56, 0.000381483
_368_, 70.093, 130.56, 0.000381483
_503_, 70.093, 130.56, 0.000381483
hold1, 70.093, 130.56, 0.000381483
FILLER_0_41_109, 70.093, 130.56, 0.000381483
FILLER_0_41_113, 70.093, 130.56, 0.000381483
FILLER_0_41_121, 70.093, 130.56, 0.000381483
_310_, 96.696, 130.56, 0.000372947
_311_, 96.696, 130.56, 0.000372947
_404_, 96.696, 130.56, 0.000372947
FILLER_0_39_156, 96.696, 130.56, 0.000372947
FILLER_0_40_158, 96.696, 130.56, 0.000372947
_290_, 109.998, 130.56, 0.000373507
FILLER_0_40_185, 109.998, 130.56, 0.000373507
FILLER_0_40_193, 109.998, 130.56, 0.000373507
_294_, 136.601, 130.56, 0.00039432
_314_, 136.601, 130.56, 0.00039432
_413_, 136.601, 130.56, 0.00039432
_518_, 136.601, 130.56, 0.00039432
FILLER_0_40_241, 136.601, 130.56, 0.00039432
_316_, 149.903, 130.56, 0.000394477
_317_, 149.903, 130.56, 0.000394477
_407_, 149.903, 130.56, 0.000394477
_523_, 149.903, 130.56, 0.000394477
FILLER_0_39_272, 149.903, 130.56, 0.000394477
FILLER_0_39_281, 149.903, 130.56, 0.000394477
FILLER_0_40_274, 149.903, 130.56, 0.000394477
input14, 171.532, 130.56, 0.000374461
FILLER_0_39_328, 171.532, 130.56, 0.000374461
FILLER_0_41_337, 171.532, 130.56, 0.000374461
PHY_74, 20.24, 125.12, 0.000356058
PHY_76, 20.24, 125.12, 0.000356058
PHY_75, 179.86, 125.12, 0.00036613
PHY_77, 179.86, 125.12, 0.00036613
FILLER_0_38_341, 179.86, 125.12, 0.00036613
_281_, 56.791, 125.12, 0.00037521
_282_, 56.791, 125.12, 0.00037521
_357_, 56.791, 125.12, 0.00037521
_399_, 56.791, 125.12, 0.00037521
_498_, 56.791, 125.12, 0.00037521
FILLER_0_38_76, 56.791, 125.12, 0.00037521
_320_, 70.093, 125.12, 0.000371921
FILLER_0_37_105, 70.093, 125.12, 0.000371921
_372_, 96.696, 125.12, 0.000401688
_505_, 96.696, 125.12, 0.000401688
_521_, 96.696, 125.12, 0.000401688
FILLER_0_37_161, 96.696, 125.12, 0.000401688
FILLER_0_38_153, 96.696, 125.12, 0.000401688
_251_, 109.998, 125.12, 0.000405625
_291_, 109.998, 125.12, 0.000405625
_403_, 109.998, 125.12, 0.000405625
_491_, 109.998, 125.12, 0.000405625
FILLER_0_38_191, 109.998, 125.12, 0.000405625
_295_, 136.601, 125.12, 0.000390621
_315_, 136.601, 125.12, 0.000390621
_318_, 136.601, 125.12, 0.000390621
_397_, 136.601, 125.12, 0.000390621
_398_, 136.601, 125.12, 0.000390621
FILLER_0_38_239, 136.601, 125.12, 0.000390621
_471_, 149.903, 125.12, 0.000387958
_472_, 149.903, 125.12, 0.000387958
_555_, 149.903, 125.12, 0.000387958
FILLER_0_37_277, 149.903, 125.12, 0.000387958
FILLER_0_38_286, 149.903, 125.12, 0.000387958
FILLER_0_38_333, 171.532, 125.12, 0.00036613
FILLER_0_39_337, 171.532, 125.12, 0.00036613
PHY_70, 20.24, 119.68, 0.000366603
PHY_72, 20.24, 119.68, 0.000366603
PHY_71, 179.86, 119.68, 0.000381256
PHY_73, 179.86, 119.68, 0.000381256
FILLER_0_36_341, 179.86, 119.68, 0.000381256
_358_, 56.791, 119.68, 0.000428517
clkbuf_3_2__f_clk, 56.791, 119.68, 0.000428517
FILLER_0_36_77, 56.791, 119.68, 0.000428517
FILLER_0_37_81, 56.791, 119.68, 0.000428517
FILLER_0_36_121, 70.093, 119.68, 0.000394309
_250_, 96.696, 119.68, 0.00038273
_371_, 96.696, 119.68, 0.00038273
hold12, 96.696, 119.68, 0.00038273
_502_, 109.998, 119.68, 0.000399618
FILLER_0_36_189, 109.998, 119.68, 0.000399618
FILLER_0_36_197, 109.998, 119.68, 0.000399618
FILLER_0_37_201, 109.998, 119.68, 0.000399618
clkbuf_3_7__f_clk, 136.601, 119.68, 0.000460608
FILLER_0_36_244, 136.601, 119.68, 0.000460608
_455_, 149.903, 119.68, 0.000421702
FILLER_0_35_281, 149.903, 119.68, 0.000421702
FILLER_0_35_327, 171.532, 119.68, 0.000381256
FILLER_0_37_329, 171.532, 119.68, 0.000381256
FILLER_0_37_337, 171.532, 119.68, 0.000381256
PHY_66, 20.24, 114.24, 0.000366876
PHY_68, 20.24, 114.24, 0.000366876
PHY_67, 179.86, 114.24, 0.000373057
PHY_69, 179.86, 114.24, 0.000373057
FILLER_0_34_339, 179.86, 114.24, 0.000373057
_333_, 56.791, 114.24, 0.000443558
_334_, 56.791, 114.24, 0.000443558
clkbuf_3_3__f_clk, 56.791, 114.24, 0.000443558
hold2, 56.791, 114.24, 0.000443558
FILLER_0_33_77, 56.791, 114.24, 0.000443558
FILLER_0_35_89, 56.791, 114.24, 0.000443558
_384_, 70.093, 114.24, 0.000412365
_511_, 70.093, 114.24, 0.000412365
FILLER_0_33_107, 70.093, 114.24, 0.000412365
FILLER_0_34_96, 70.093, 114.24, 0.000412365
FILLER_0_34_104, 70.093, 114.24, 0.000412365
FILLER_0_35_116, 70.093, 114.24, 0.000412365
FILLER_0_33_163, 96.696, 114.24, 0.000379295
FILLER_0_34_179, 96.696, 114.24, 0.000379295
_260_, 109.998, 114.24, 0.00039561
FILLER_0_34_190, 109.998, 114.24, 0.00039561
FILLER_0_35_205, 109.998, 114.24, 0.00039561
_256_, 136.601, 114.24, 0.000415332
_298_, 136.601, 114.24, 0.000415332
FILLER_0_33_249, 136.601, 114.24, 0.000415332
FILLER_0_34_242, 136.601, 114.24, 0.000415332
FILLER_0_34_253, 136.601, 114.24, 0.000415332
_297_, 149.903, 114.24, 0.000412494
_456_, 149.903, 114.24, 0.000412494
_515_, 149.903, 114.24, 0.000412494
_547_, 149.903, 114.24, 0.000412494
FILLER_0_33_276, 149.903, 114.24, 0.000412494
FILLER_0_33_281, 149.903, 114.24, 0.000412494
FILLER_0_34_279, 149.903, 114.24, 0.000412494
FILLER_0_33_328, 171.532, 114.24, 0.000373057
FILLER_0_35_337, 171.532, 114.24, 0.000373057
PHY_62, 20.24, 108.8, 0.000347754
PHY_64, 20.24, 108.8, 0.000347754
output27, 20.24, 108.8, 0.000347754
PHY_63, 179.86, 108.8, 0.000340297
PHY_65, 179.86, 108.8, 0.000340297
FILLER_0_32_341, 179.86, 108.8, 0.000340297
_492_, 56.791, 108.8, 0.000364919
_548_, 56.791, 108.8, 0.000364919
hold8, 56.791, 108.8, 0.000364919
FILLER_0_32_74, 56.791, 108.8, 0.000364919
FILLER_0_32_85, 56.791, 108.8, 0.000364919
_299_, 70.093, 108.8, 0.000351973
_300_, 70.093, 108.8, 0.000351973
_383_, 70.093, 108.8, 0.000351973
FILLER_0_31_107, 70.093, 108.8, 0.000351973
_259_, 96.696, 108.8, 0.000360658
_321_, 96.696, 108.8, 0.000360658
_388_, 96.696, 108.8, 0.000360658
_513_, 96.696, 108.8, 0.000360658
fanout32, 96.696, 108.8, 0.000360658
FILLER_0_33_169, 96.696, 108.8, 0.000360658
_270_, 109.998, 108.8, 0.00035533
_271_, 109.998, 108.8, 0.00035533
FILLER_0_31_187, 109.998, 108.8, 0.00035533
_257_, 136.601, 108.8, 0.000360949
_359_, 136.601, 108.8, 0.000360949
_360_, 136.601, 108.8, 0.000360949
_424_, 136.601, 108.8, 0.000360949
_499_, 136.601, 108.8, 0.000360949
FILLER_0_31_247, 136.601, 108.8, 0.000360949
FILLER_0_32_249, 136.601, 108.8, 0.000360949
FILLER_0_32_253, 136.601, 108.8, 0.000360949
_391_, 149.903, 108.8, 0.000351942
_392_, 149.903, 108.8, 0.000351942
FILLER_0_31_274, 149.903, 108.8, 0.000351942
FILLER_0_32_333, 171.532, 108.8, 0.000340297
FILLER_0_33_337, 171.532, 108.8, 0.000340297
PHY_58, 20.24, 103.36, 0.000300363
PHY_60, 20.24, 103.36, 0.000300363
PHY_59, 179.86, 103.36, 0.000344457
PHY_61, 179.86, 103.36, 0.000344457
FILLER_0_30_341, 179.86, 103.36, 0.000344457
_289_, 56.791, 103.36, 0.000330184
_457_, 56.791, 103.36, 0.000330184
_458_, 56.791, 103.36, 0.000330184
FILLER_0_29_69, 56.791, 103.36, 0.000330184
FILLER_0_29_77, 56.791, 103.36, 0.000330184
FILLER_0_30_76, 56.791, 103.36, 0.000330184
_426_, 70.093, 103.36, 0.000353964
_532_, 70.093, 103.36, 0.000353964
FILLER_0_29_102, 70.093, 103.36, 0.000353964
FILLER_0_30_104, 70.093, 103.36, 0.000353964
_387_, 96.696, 103.36, 0.000480919
clkbuf_0_clk, 96.696, 103.36, 0.000480919
hold6, 96.696, 103.36, 0.000480919
FILLER_0_29_162, 96.696, 103.36, 0.000480919
_280_, 109.998, 103.36, 0.000431677
_337_, 109.998, 103.36, 0.000431677
FILLER_0_30_189, 109.998, 103.36, 0.000431677
_328_, 136.601, 103.36, 0.000380329
_423_, 136.601, 103.36, 0.000380329
_531_, 136.601, 103.36, 0.000380329
FILLER_0_29_249, 136.601, 103.36, 0.000380329
FILLER_0_30_246, 136.601, 103.36, 0.000380329
FILLER_0_30_253, 136.601, 103.36, 0.000380329
_276_, 149.903, 103.36, 0.000363297
hold24, 149.903, 103.36, 0.000363297
FILLER_0_29_276, 149.903, 103.36, 0.000363297
FILLER_0_29_281, 149.903, 103.36, 0.000363297
_322_, 171.532, 103.36, 0.000344457
FILLER_0_29_327, 171.532, 103.36, 0.000344457
FILLER_0_30_321, 171.532, 103.36, 0.000344457
FILLER_0_30_333, 171.532, 103.36, 0.000344457
FILLER_0_31_329, 171.532, 103.36, 0.000344457
FILLER_0_31_337, 171.532, 103.36, 0.000344457
PHY_54, 20.24, 97.92, 0.000261985
PHY_56, 20.24, 97.92, 0.000261985
PHY_55, 179.86, 97.92, 0.000372788
PHY_57, 179.86, 97.92, 0.000372788
output24, 179.86, 97.92, 0.000372788
_285_, 56.791, 97.92, 0.000265075
_286_, 56.791, 97.92, 0.000265075
_474_, 56.791, 97.92, 0.000265075
FILLER_0_27_68, 56.791, 97.92, 0.000265075
FILLER_0_28_77, 56.791, 97.92, 0.000265075
_425_, 70.093, 97.92, 0.000264282
FILLER_0_27_105, 70.093, 97.92, 0.000264282
FILLER_0_29_113, 70.093, 97.92, 0.000264282
_279_, 96.696, 97.92, 0.000297899
fanout31, 96.696, 97.92, 0.000297899
FILLER_0_27_161, 96.696, 97.92, 0.000297899
FILLER_0_28_178, 96.696, 97.92, 0.000297899
FILLER_0_29_180, 96.696, 97.92, 0.000297899
_278_, 109.998, 97.92, 0.000328685
_338_, 109.998, 97.92, 0.000328685
_494_, 109.998, 97.92, 0.000328685
FILLER_0_28_187, 109.998, 97.92, 0.000328685
FILLER_0_28_209, 109.998, 97.92, 0.000328685
_325_, 136.601, 97.92, 0.000360023
_326_, 136.601, 97.92, 0.000360023
_327_, 136.601, 97.92, 0.000360023
_488_, 136.601, 97.92, 0.000360023
FILLER_0_28_245, 136.601, 97.92, 0.000360023
_277_, 149.903, 97.92, 0.000363058
_375_, 149.903, 97.92, 0.000363058
_507_, 149.903, 97.92, 0.000363058
FILLER_0_27_277, 149.903, 97.92, 0.000363058
FILLER_0_27_326, 171.532, 97.92, 0.000359002
FILLER_0_28_333, 171.532, 97.92, 0.000359002
FILLER_0_29_337, 171.532, 97.92, 0.000359002
PHY_50, 20.24, 92.48, 0.000263052
PHY_52, 20.24, 92.48, 0.000263052
PHY_51, 179.86, 92.48, 0.000312419
PHY_53, 179.86, 92.48, 0.000312419
FILLER_0_26_341, 179.86, 92.48, 0.000312419
_409_, 56.791, 92.48, 0.000272252
_410_, 56.791, 92.48, 0.000272252
_473_, 56.791, 92.48, 0.000272252
_556_, 56.791, 92.48, 0.000272252
FILLER_0_26_67, 56.791, 92.48, 0.000272252
_441_, 70.093, 92.48, 0.000260589
_442_, 70.093, 92.48, 0.000260589
hold4, 70.093, 92.48, 0.000260589
FILLER_0_26_102, 70.093, 92.48, 0.000260589
FILLER_0_26_122, 70.093, 92.48, 0.000260589
_248_, 96.696, 92.48, 0.000268159
FILLER_0_25_163, 96.696, 92.48, 0.000268159
FILLER_0_26_168, 96.696, 92.48, 0.000268159
_538_, 109.998, 92.48, 0.000290973
FILLER_0_26_190, 109.998, 92.48, 0.000290973
_489_, 136.601, 92.48, 0.000322619
FILLER_0_26_245, 136.601, 92.48, 0.000322619
_439_, 149.903, 92.48, 0.000327203
_440_, 149.903, 92.48, 0.000327203
_539_, 149.903, 92.48, 0.000327203
FILLER_0_25_273, 149.903, 92.48, 0.000327203
FILLER_0_26_333, 171.532, 92.48, 0.000312419
FILLER_0_27_337, 171.532, 92.48, 0.000312419
PHY_46, 20.24, 87.04, 0.000237578
PHY_48, 20.24, 87.04, 0.000237578
PHY_47, 179.86, 87.04, 0.000284421
PHY_49, 179.86, 87.04, 0.000284421
FILLER_0_24_341, 179.86, 87.04, 0.000284421
_305_, 56.791, 87.04, 0.000241956
_306_, 56.791, 87.04, 0.000241956
_309_, 56.791, 87.04, 0.000241956
_265_, 70.093, 87.04, 0.000238682
_377_, 70.093, 87.04, 0.000238682
_378_, 70.093, 87.04, 0.000238682
_540_, 70.093, 87.04, 0.000238682
hold3, 70.093, 87.04, 0.000238682
FILLER_0_23_105, 70.093, 87.04, 0.000238682
FILLER_0_24_95, 70.093, 87.04, 0.000238682
_247_, 96.696, 87.04, 0.000244583
_374_, 96.696, 87.04, 0.000244583
_506_, 96.696, 87.04, 0.000244583
FILLER_0_23_157, 96.696, 87.04, 0.000244583
FILLER_0_25_169, 96.696, 87.04, 0.000244583
FILLER_0_25_177, 96.696, 87.04, 0.000244583
_437_, 109.998, 87.04, 0.000257746
_438_, 109.998, 87.04, 0.000257746
hold17, 109.998, 87.04, 0.000257746
FILLER_0_24_182, 109.998, 87.04, 0.000257746
FILLER_0_24_193, 109.998, 87.04, 0.000257746
_379_, 136.601, 87.04, 0.000272697
FILLER_0_24_248, 136.601, 87.04, 0.000272697
FILLER_0_23_272, 149.903, 87.04, 0.000278559
FILLER_0_24_333, 171.532, 87.04, 0.000284421
FILLER_0_25_329, 171.532, 87.04, 0.000284421
FILLER_0_25_337, 171.532, 87.04, 0.000284421
PHY_42, 20.24, 81.6, 0.000256415
PHY_44, 20.24, 81.6, 0.000256415
input13, 20.24, 81.6, 0.000256415
PHY_43, 179.86, 81.6, 0.000322408
PHY_45, 179.86, 81.6, 0.000322408
FILLER_0_22_341, 179.86, 81.6, 0.000322408
clkbuf_3_0__f_clk, 56.791, 81.6, 0.000303547
FILLER_0_22_77, 56.791, 81.6, 0.000303547
_508_, 70.093, 81.6, 0.00026945
_373_, 96.696, 81.6, 0.000250542
FILLER_0_21_164, 96.696, 81.6, 0.000250542
FILLER_0_21_187, 109.998, 81.6, 0.000281306
FILLER_0_22_189, 109.998, 81.6, 0.000281306
_313_, 136.601, 81.6, 0.00039276
_363_, 136.601, 81.6, 0.00039276
_364_, 136.601, 81.6, 0.00039276
clkbuf_3_5__f_clk, 136.601, 81.6, 0.00039276
FILLER_0_22_262, 136.601, 81.6, 0.00039276
_292_, 149.903, 81.6, 0.000370861
_293_, 149.903, 81.6, 0.000370861
_312_, 149.903, 81.6, 0.000370861
_395_, 149.903, 81.6, 0.000370861
_411_, 149.903, 81.6, 0.000370861
_412_, 149.903, 81.6, 0.000370861
_525_, 149.903, 81.6, 0.000370861
FILLER_0_22_333, 171.532, 81.6, 0.000322408
FILLER_0_23_329, 171.532, 81.6, 0.000322408
FILLER_0_23_337, 171.532, 81.6, 0.000322408
PHY_38, 20.24, 76.16, 0.000272898
PHY_40, 20.24, 76.16, 0.000272898
PHY_39, 179.86, 76.16, 0.000300233
PHY_41, 179.86, 76.16, 0.000300233
FILLER_0_20_341, 179.86, 76.16, 0.000300233
_284_, 56.791, 76.16, 0.000337126
clkbuf_3_1__f_clk, 56.791, 76.16, 0.000337126
FILLER_0_19_77, 56.791, 76.16, 0.000337126
FILLER_0_20_74, 56.791, 76.16, 0.000337126
FILLER_0_20_91, 56.791, 76.16, 0.000337126
FILLER_0_21_89, 56.791, 76.16, 0.000337126
_351_, 70.093, 76.16, 0.000299613
_356_, 70.093, 76.16, 0.000299613
_385_, 70.093, 76.16, 0.000299613
_386_, 70.093, 76.16, 0.000299613
FILLER_0_19_106, 70.093, 76.16, 0.000299613
FILLER_0_20_102, 70.093, 76.16, 0.000299613
_288_, 96.696, 76.16, 0.000295926
_405_, 96.696, 76.16, 0.000295926
_406_, 96.696, 76.16, 0.000295926
_522_, 96.696, 76.16, 0.000295926
FILLER_0_19_163, 96.696, 76.16, 0.000295926
_268_, 109.998, 76.16, 0.000317496
_389_, 109.998, 76.16, 0.000317496
_390_, 109.998, 76.16, 0.000317496
FILLER_0_19_193, 109.998, 76.16, 0.000317496
FILLER_0_20_183, 109.998, 76.16, 0.000317496
FILLER_0_20_249, 136.601, 76.16, 0.00032857
FILLER_0_20_265, 136.601, 76.16, 0.00032857
_396_, 149.903, 76.16, 0.000323497
_517_, 149.903, 76.16, 0.000323497
FILLER_0_19_273, 149.903, 76.16, 0.000323497
FILLER_0_20_333, 171.532, 76.16, 0.000300233
FILLER_0_21_331, 171.532, 76.16, 0.000300233
FILLER_0_21_337, 171.532, 76.16, 0.000300233
PHY_34, 20.24, 70.72, 0.000257585
PHY_36, 20.24, 70.72, 0.000257585
PHY_35, 179.86, 70.72, 0.000286316
PHY_37, 179.86, 70.72, 0.000286316
input23, 179.86, 70.72, 0.000286316
_283_, 56.791, 70.72, 0.000261566
_304_, 56.791, 70.72, 0.000261566
_417_, 56.791, 70.72, 0.000261566
_418_, 56.791, 70.72, 0.000261566
FILLER_0_17_69, 56.791, 70.72, 0.000261566
FILLER_0_19_93, 56.791, 70.72, 0.000261566
_303_, 70.093, 70.72, 0.000259633
_369_, 70.093, 70.72, 0.000259633
_370_, 70.093, 70.72, 0.000259633
_504_, 70.093, 70.72, 0.000259633
fanout29, 70.093, 70.72, 0.000259633
FILLER_0_18_110, 70.093, 70.72, 0.000259633
_287_, 96.696, 70.72, 0.000258565
_307_, 96.696, 70.72, 0.000258565
_308_, 96.696, 70.72, 0.000258565
_421_, 96.696, 70.72, 0.000258565
_422_, 96.696, 70.72, 0.000258565
FILLER_0_17_157, 96.696, 70.72, 0.000258565
_267_, 109.998, 70.72, 0.000275892
_514_, 109.998, 70.72, 0.000275892
FILLER_0_17_193, 109.998, 70.72, 0.000275892
FILLER_0_18_197, 109.998, 70.72, 0.000275892
FILLER_0_18_206, 109.998, 70.72, 0.000275892
hold22, 136.601, 70.72, 0.00028288
hold23, 136.601, 70.72, 0.00028288
FILLER_0_18_249, 136.601, 70.72, 0.00028288
_459_, 149.903, 70.72, 0.000285552
hold19, 149.903, 70.72, 0.000285552
FILLER_0_18_333, 171.532, 70.72, 0.000285073
FILLER_0_19_329, 171.532, 70.72, 0.000285073
FILLER_0_19_337, 171.532, 70.72, 0.000285073
PHY_30, 20.24, 65.28, 0.000237323
PHY_32, 20.24, 65.28, 0.000237323
PHY_31, 179.86, 65.28, 0.000288486
PHY_33, 179.86, 65.28, 0.000288486
FILLER_0_16_341, 179.86, 65.28, 0.000288486
_466_, 56.791, 65.28, 0.000245643
FILLER_0_15_69, 56.791, 65.28, 0.000245643
FILLER_0_16_77, 56.791, 65.28, 0.000245643
_512_, 70.093, 65.28, 0.00025268
FILLER_0_15_101, 70.093, 65.28, 0.00025268
_530_, 96.696, 65.28, 0.000285192
fanout30, 96.696, 65.28, 0.000285192
fanout33, 96.696, 65.28, 0.000285192
hold25, 96.696, 65.28, 0.000285192
FILLER_0_15_161, 96.696, 65.28, 0.000285192
FILLER_0_16_153, 96.696, 65.28, 0.000285192
FILLER_0_17_169, 96.696, 65.28, 0.000285192
_453_, 109.998, 65.28, 0.000303123
_454_, 109.998, 65.28, 0.000303123
_469_, 109.998, 65.28, 0.000303123
_470_, 109.998, 65.28, 0.000303123
_485_, 109.998, 65.28, 0.000303123
_546_, 109.998, 65.28, 0.000303123
FILLER_0_16_191, 109.998, 65.28, 0.000303123
FILLER_0_16_197, 109.998, 65.28, 0.000303123
_475_, 136.601, 65.28, 0.000312101
_476_, 136.601, 65.28, 0.000312101
_557_, 136.601, 65.28, 0.000312101
fanout34, 136.601, 65.28, 0.000312101
hold28, 136.601, 65.28, 0.000312101
_460_, 149.903, 65.28, 0.000300863
FILLER_0_16_333, 171.532, 65.28, 0.000288486
FILLER_0_17_329, 171.532, 65.28, 0.000288486
FILLER_0_17_337, 171.532, 65.28, 0.000288486
PHY_26, 20.24, 59.84, 0.000262037
PHY_28, 20.24, 59.84, 0.000262037
PHY_27, 179.86, 59.84, 0.000282468
PHY_29, 179.86, 59.84, 0.000282468
FILLER_0_14_341, 179.86, 59.84, 0.000282468
_465_, 56.791, 59.84, 0.000283023
_481_, 56.791, 59.84, 0.000283023
_560_, 56.791, 59.84, 0.000283023
hold11, 56.791, 59.84, 0.000283023
FILLER_0_13_69, 56.791, 59.84, 0.000283023
FILLER_0_15_80, 56.791, 59.84, 0.000283023
_339_, 70.093, 59.84, 0.000281509
_345_, 70.093, 59.84, 0.000281509
_354_, 70.093, 59.84, 0.000281509
_355_, 70.093, 59.84, 0.000281509
_482_, 70.093, 59.84, 0.000281509
hold13, 70.093, 59.84, 0.000281509
FILLER_0_13_95, 70.093, 59.84, 0.000281509
FILLER_0_14_107, 70.093, 59.84, 0.000281509
FILLER_0_14_117, 70.093, 59.84, 0.000281509
FILLER_0_15_109, 70.093, 59.84, 0.000281509
_434_, 96.696, 59.84, 0.000289486
_486_, 96.696, 59.84, 0.000289486
_554_, 96.696, 59.84, 0.000289486
FILLER_0_13_160, 96.696, 59.84, 0.000289486
hold14, 109.998, 59.84, 0.000291856
hold27, 109.998, 59.84, 0.000291856
_549_, 136.601, 59.84, 0.000297699
FILLER_0_14_249, 136.601, 59.84, 0.000297699
FILLER_0_15_253, 136.601, 59.84, 0.000297699
FILLER_0_13_273, 149.903, 59.84, 0.000290083
FILLER_0_14_333, 171.532, 59.84, 0.000282468
FILLER_0_15_329, 171.532, 59.84, 0.000282468
FILLER_0_15_337, 171.532, 59.84, 0.000282468
PHY_22, 20.24, 54.4, 0.000237046
PHY_24, 20.24, 54.4, 0.000237046
PHY_23, 179.86, 54.4, 0.000271877
PHY_25, 179.86, 54.4, 0.000271877
FILLER_0_12_341, 179.86, 54.4, 0.000271877
FILLER_0_12_77, 56.791, 54.4, 0.000240533
_340_, 70.093, 54.4, 0.00024402
_344_, 70.093, 54.4, 0.00024402
_349_, 70.093, 54.4, 0.00024402
_350_, 70.093, 54.4, 0.00024402
FILLER_0_11_105, 70.093, 54.4, 0.00024402
FILLER_0_12_97, 70.093, 54.4, 0.00024402
_562_, 96.696, 54.4, 0.000259129
FILLER_0_11_161, 96.696, 54.4, 0.000259129
FILLER_0_13_169, 96.696, 54.4, 0.000259129
FILLER_0_12_189, 109.998, 54.4, 0.00026136
FILLER_0_12_245, 136.601, 54.4, 0.000266352
FILLER_0_11_273, 149.903, 54.4, 0.000269115
FILLER_0_12_333, 171.532, 54.4, 0.000271877
FILLER_0_13_329, 171.532, 54.4, 0.000271877
FILLER_0_13_337, 171.532, 54.4, 0.000271877
PHY_18, 20.24, 48.96, 0.000234543
PHY_20, 20.24, 48.96, 0.000234543
PHY_19, 179.86, 48.96, 0.0002685
PHY_21, 179.86, 48.96, 0.0002685
FILLER_0_10_341, 179.86, 48.96, 0.0002685
FILLER_0_10_77, 56.791, 48.96, 0.000233844
FILLER_0_9_105, 70.093, 48.96, 0.000233145
FILLER_0_9_161, 96.696, 48.96, 0.000240748
FILLER_0_10_189, 109.998, 48.96, 0.000249051
FILLER_0_10_245, 136.601, 48.96, 0.000261069
FILLER_0_9_273, 149.903, 48.96, 0.000264784
FILLER_0_10_333, 171.532, 48.96, 0.0002685
FILLER_0_11_329, 171.532, 48.96, 0.0002685
FILLER_0_11_337, 171.532, 48.96, 0.0002685
PHY_14, 20.24, 43.52, 0.000235613
PHY_16, 20.24, 43.52, 0.000235613
PHY_15, 179.86, 43.52, 0.00026924
PHY_17, 179.86, 43.52, 0.00026924
FILLER_0_8_77, 56.791, 43.52, 0.000235541
FILLER_0_7_105, 70.093, 43.52, 0.00023547
FILLER_0_7_161, 96.696, 43.52, 0.000242457
FILLER_0_8_189, 109.998, 43.52, 0.000249516
FILLER_0_8_245, 136.601, 43.52, 0.000260373
FILLER_0_7_273, 149.903, 43.52, 0.00026417
input6, 171.532, 43.52, 0.00026924
FILLER_0_9_329, 171.532, 43.52, 0.00026924
FILLER_0_9_337, 171.532, 43.52, 0.00026924
PHY_10, 20.24, 38.08, 0.000236067
PHY_12, 20.24, 38.08, 0.000236067
PHY_11, 179.86, 38.08, 0.000266443
PHY_13, 179.86, 38.08, 0.000266443
FILLER_0_6_341, 179.86, 38.08, 0.000266443
FILLER_0_6_77, 56.791, 38.08, 0.000236152
FILLER_0_5_105, 70.093, 38.08, 0.000236238
FILLER_0_5_161, 96.696, 38.08, 0.000242975
FILLER_0_6_189, 109.998, 38.08, 0.000249628
FILLER_0_6_245, 136.601, 38.08, 0.000259667
FILLER_0_5_273, 149.903, 38.08, 0.000263055
FILLER_0_6_333, 171.532, 38.08, 0.000266443
FILLER_0_7_329, 171.532, 38.08, 0.000266443
FILLER_0_7_337, 171.532, 38.08, 0.000266443
PHY_6, 20.24, 32.64, 0.000236486
PHY_8, 20.24, 32.64, 0.000236486
PHY_7, 179.86, 32.64, 0.000266329
PHY_9, 179.86, 32.64, 0.000266329
FILLER_0_4_341, 179.86, 32.64, 0.000266329
FILLER_0_4_77, 56.791, 32.64, 0.000236688
FILLER_0_3_105, 70.093, 32.64, 0.00023689
FILLER_0_3_161, 96.696, 32.64, 0.000243492
FILLER_0_4_189, 109.998, 32.64, 0.000249893
FILLER_0_4_245, 136.601, 32.64, 0.000259639
FILLER_0_3_273, 149.903, 32.64, 0.000262984
FILLER_0_4_333, 171.532, 32.64, 0.000266329
FILLER_0_5_329, 171.532, 32.64, 0.000266329
FILLER_0_5_337, 171.532, 32.64, 0.000266329
PHY_2, 20.24, 27.2, 0.000239927
PHY_4, 20.24, 27.2, 0.000239927
input2, 20.24, 27.2, 0.000239927
PHY_3, 179.86, 27.2, 0.000270029
PHY_5, 179.86, 27.2, 0.000270029
input19, 179.86, 27.2, 0.000270029
FILLER_0_2_341, 179.86, 27.2, 0.000270029
FILLER_0_2_18, 31.865, 27.2, 0.000238799
FILLER_0_2_77, 56.791, 27.2, 0.000237732
FILLER_0_1_105, 70.093, 27.2, 0.000237792
FILLER_0_1_161, 96.696, 27.2, 0.00024411
FILLER_0_2_189, 109.998, 27.2, 0.000250369
FILLER_0_2_245, 136.601, 27.2, 0.000260278
FILLER_0_1_273, 149.903, 27.2, 0.000263929
FILLER_0_2_333, 171.532, 27.2, 0.000268804
FILLER_0_3_329, 171.532, 27.2, 0.000268804
FILLER_0_3_337, 171.532, 27.2, 0.000268804
PHY_0, 20.24, 21.76, 0.000246847
input16, 20.24, 21.76, 0.000246847
FILLER_0_0_7, 20.24, 21.76, 0.000246847
PHY_1, 179.86, 21.76, 0.00027322
input15, 179.86, 21.76, 0.00027322
input17, 31.865, 21.76, 0.000244768
FILLER_0_0_17, 31.865, 21.76, 0.000244768
FILLER_0_0_25, 31.865, 21.76, 0.000244768
input18, 56.791, 21.76, 0.000242668
FILLER_0_0_73, 56.791, 21.76, 0.000242668
FILLER_0_0_81, 56.791, 21.76, 0.000242668
FILLER_0_0_109, 70.093, 21.76, 0.000242027
FILLER_0_0_165, 96.696, 21.76, 0.000250033
output26, 109.998, 21.76, 0.00025868
FILLER_0_0_181, 109.998, 21.76, 0.00025868
input4, 136.601, 21.76, 0.000265161
FILLER_0_0_248, 136.601, 21.76, 0.000265161
FILLER_0_0_277, 149.903, 21.76, 0.000267751
FILLER_0_0_325, 171.532, 21.76, 0.00027178
FILLER_0_0_333, 171.532, 21.76, 0.00027178
FILLER_0_0_337, 171.532, 21.76, 0.00027178
FILLER_0_1_329, 171.532, 21.76, 0.00027178
FILLER_0_1_337, 171.532, 21.76, 0.00027178

